ROOT: 91 D setup logging to DEBUG on pid 35234 [tox/report.py:222]
.pkg: 155 I find interpreter for spec PythonSpec(major=3, minor=12, free_threaded=False) [virtualenv/discovery/builtin.py:76]
.pkg: 156 D filesystem is case-sensitive [virtualenv/info.py:27]
.pkg: 156 I proposed PythonInfo(spec=CPython3.12.0.final.0-64, exe=/home/felipe/miniconda3/envs/sheap/bin/python, platform=linux, version='3.12.0 | packaged by Anaconda, Inc. | (main, Oct  2 2023, 17:29:18) [GCC 11.2.0]', encoding_fs_io=utf-8-utf-8) [virtualenv/discovery/builtin.py:83]
.pkg: 156 D accepted PythonInfo(spec=CPython3.12.0.final.0-64, exe=/home/felipe/miniconda3/envs/sheap/bin/python, platform=linux, version='3.12.0 | packaged by Anaconda, Inc. | (main, Oct  2 2023, 17:29:18) [GCC 11.2.0]', encoding_fs_io=utf-8-utf-8) [virtualenv/discovery/builtin.py:85]
.pkg: 175 I find interpreter for spec PythonSpec(path=/home/felipe/miniconda3/envs/sheap/bin/python) [virtualenv/discovery/builtin.py:76]
.pkg: 175 I proposed PythonInfo(spec=CPython3.12.0.final.0-64, exe=/home/felipe/miniconda3/envs/sheap/bin/python, platform=linux, version='3.12.0 | packaged by Anaconda, Inc. | (main, Oct  2 2023, 17:29:18) [GCC 11.2.0]', encoding_fs_io=utf-8-utf-8) [virtualenv/discovery/builtin.py:83]
.pkg: 175 D accepted PythonInfo(spec=CPython3.12.0.final.0-64, exe=/home/felipe/miniconda3/envs/sheap/bin/python, platform=linux, version='3.12.0 | packaged by Anaconda, Inc. | (main, Oct  2 2023, 17:29:18) [GCC 11.2.0]', encoding_fs_io=utf-8-utf-8) [virtualenv/discovery/builtin.py:85]
.pkg: 179 I find interpreter for spec PythonSpec(major=3, minor=12, free_threaded=False) [virtualenv/discovery/builtin.py:76]
.pkg: 179 I proposed PythonInfo(spec=CPython3.12.0.final.0-64, exe=/home/felipe/miniconda3/envs/sheap/bin/python, platform=linux, version='3.12.0 | packaged by Anaconda, Inc. | (main, Oct  2 2023, 17:29:18) [GCC 11.2.0]', encoding_fs_io=utf-8-utf-8) [virtualenv/discovery/builtin.py:83]
.pkg: 179 D accepted PythonInfo(spec=CPython3.12.0.final.0-64, exe=/home/felipe/miniconda3/envs/sheap/bin/python, platform=linux, version='3.12.0 | packaged by Anaconda, Inc. | (main, Oct  2 2023, 17:29:18) [GCC 11.2.0]', encoding_fs_io=utf-8-utf-8) [virtualenv/discovery/builtin.py:85]
.pkg: 182 I find interpreter for spec PythonSpec(major=3, minor=12, free_threaded=False) [virtualenv/discovery/builtin.py:76]
.pkg: 182 I proposed PythonInfo(spec=CPython3.12.0.final.0-64, exe=/home/felipe/miniconda3/envs/sheap/bin/python, platform=linux, version='3.12.0 | packaged by Anaconda, Inc. | (main, Oct  2 2023, 17:29:18) [GCC 11.2.0]', encoding_fs_io=utf-8-utf-8) [virtualenv/discovery/builtin.py:83]
.pkg: 182 D accepted PythonInfo(spec=CPython3.12.0.final.0-64, exe=/home/felipe/miniconda3/envs/sheap/bin/python, platform=linux, version='3.12.0 | packaged by Anaconda, Inc. | (main, Oct  2 2023, 17:29:18) [GCC 11.2.0]', encoding_fs_io=utf-8-utf-8) [virtualenv/discovery/builtin.py:85]
.pkg: 187 I find interpreter for spec PythonSpec(major=3, minor=12, free_threaded=False) [virtualenv/discovery/builtin.py:76]
.pkg: 187 I proposed PythonInfo(spec=CPython3.12.0.final.0-64, exe=/home/felipe/miniconda3/envs/sheap/bin/python, platform=linux, version='3.12.0 | packaged by Anaconda, Inc. | (main, Oct  2 2023, 17:29:18) [GCC 11.2.0]', encoding_fs_io=utf-8-utf-8) [virtualenv/discovery/builtin.py:83]
.pkg: 187 D accepted PythonInfo(spec=CPython3.12.0.final.0-64, exe=/home/felipe/miniconda3/envs/sheap/bin/python, platform=linux, version='3.12.0 | packaged by Anaconda, Inc. | (main, Oct  2 2023, 17:29:18) [GCC 11.2.0]', encoding_fs_io=utf-8-utf-8) [virtualenv/discovery/builtin.py:85]
.pkg: 189 I find interpreter for spec PythonSpec(implementation=pypy, major=3, free_threaded=False) [virtualenv/discovery/builtin.py:76]
.pkg: 189 I proposed PythonInfo(spec=CPython3.12.0.final.0-64, exe=/home/felipe/miniconda3/envs/sheap/bin/python, platform=linux, version='3.12.0 | packaged by Anaconda, Inc. | (main, Oct  2 2023, 17:29:18) [GCC 11.2.0]', encoding_fs_io=utf-8-utf-8) [virtualenv/discovery/builtin.py:83]
.pkg: 190 D discover PATH[0]=/home/felipe/.local/bin [virtualenv/discovery/builtin.py:152]
.pkg: 190 D discover PATH[1]=/home/felipe/.juliaup/bin [virtualenv/discovery/builtin.py:152]
.pkg: 190 D discover PATH[2]=/home/felipe/miniconda3/envs/sheap/bin [virtualenv/discovery/builtin.py:152]
.pkg: 191 D got python info of /home/felipe/miniconda3/envs/sheap/bin/python3.12 from /home/felipe/.local/share/virtualenv/py_info/2/73477de19d8142d46f679701daad620adb70991650d08b85f066b081939ba282.json [virtualenv/app_data/via_disk_folder.py:132]
.pkg: 191 I proposed PathPythonInfo(spec=CPython3.12.0.final.0-64, exe=/home/felipe/miniconda3/envs/sheap/bin/python3.12, platform=linux, version='3.12.0 | packaged by Anaconda, Inc. | (main, Oct  2 2023, 17:29:18) [GCC 11.2.0]', encoding_fs_io=utf-8-utf-8) [virtualenv/discovery/builtin.py:83]
.pkg: 192 D got python info of /home/felipe/miniconda3/envs/sheap/bin/python3 from /home/felipe/.local/share/virtualenv/py_info/2/8e4caf19871240e9b8d9362ef5b34a521b868be6c3b8de1b1b147965330486f7.json [virtualenv/app_data/via_disk_folder.py:132]
.pkg: 192 I proposed PathPythonInfo(spec=CPython3.12.0.final.0-64, exe=/home/felipe/miniconda3/envs/sheap/bin/python3, platform=linux, version='3.12.0 | packaged by Anaconda, Inc. | (main, Oct  2 2023, 17:29:18) [GCC 11.2.0]', encoding_fs_io=utf-8-utf-8) [virtualenv/discovery/builtin.py:83]
.pkg: 193 D got python info of /home/felipe/miniconda3/envs/sheap/bin/python3.1 from /home/felipe/.local/share/virtualenv/py_info/2/ed5c8d95cce6c826a9d91b4f7b45c21b30352705bab40a3be52ea63067af1802.json [virtualenv/app_data/via_disk_folder.py:132]
.pkg: 193 I proposed PathPythonInfo(spec=CPython3.12.0.final.0-64, exe=/home/felipe/miniconda3/envs/sheap/bin/python3.1, platform=linux, version='3.12.0 | packaged by Anaconda, Inc. | (main, Oct  2 2023, 17:29:18) [GCC 11.2.0]', encoding_fs_io=utf-8-utf-8) [virtualenv/discovery/builtin.py:83]
.pkg: 193 D discover PATH[3]=/home/felipe/miniconda3/condabin [virtualenv/discovery/builtin.py:152]
.pkg: 193 D discover PATH[4]=/usr/local/bin [virtualenv/discovery/builtin.py:152]
.pkg: 193 D discover PATH[5]=/usr/sbin [virtualenv/discovery/builtin.py:152]
.pkg: 194 D discover PATH[6]=/usr/bin [virtualenv/discovery/builtin.py:152]
.pkg: 196 D got python info of /usr/bin/python3.10 from /home/felipe/.local/share/virtualenv/py_info/2/8a94588eda9d64d9e9a351ab8144e55b1fabf5113b54e67dd26a8c27df0381b3.json [virtualenv/app_data/via_disk_folder.py:132]
.pkg: 196 I proposed PathPythonInfo(spec=CPython3.10.12.final.0-64, exe=/usr/bin/python3.10, platform=linux, version='3.10.12 (main, Feb  4 2025, 14:57:36) [GCC 11.4.0]', encoding_fs_io=utf-8-utf-8) [virtualenv/discovery/builtin.py:83]
.pkg: 197 D got python info of /usr/bin/python3 from /home/felipe/.local/share/virtualenv/py_info/2/31f2aee4e71d21fbe5cf8b01ff0e069b9275f58929596ceb00d14d90e3e16cd6.json [virtualenv/app_data/via_disk_folder.py:132]
.pkg: 197 I proposed PathPythonInfo(spec=CPython3.10.12.final.0-64, exe=/usr/bin/python3, platform=linux, version='3.10.12 (main, Feb  4 2025, 14:57:36) [GCC 11.4.0]', encoding_fs_io=utf-8-utf-8) [virtualenv/discovery/builtin.py:83]
.pkg: 198 D discover PATH[7]=/sbin [virtualenv/discovery/builtin.py:152]
.pkg: 199 D discover PATH[8]=/bin [virtualenv/discovery/builtin.py:152]
.pkg: 201 D got python info of /bin/python3.10 from /home/felipe/.local/share/virtualenv/py_info/2/97cc609b13305c559618ec78a438abc56230b9381f827f22d070313b9a1f3777.json [virtualenv/app_data/via_disk_folder.py:132]
.pkg: 201 I proposed PathPythonInfo(spec=CPython3.10.12.final.0-64, exe=/bin/python3.10, platform=linux, version='3.10.12 (main, Feb  4 2025, 14:57:36) [GCC 11.4.0]', encoding_fs_io=utf-8-utf-8) [virtualenv/discovery/builtin.py:83]
.pkg: 202 D got python info of /bin/python3 from /home/felipe/.local/share/virtualenv/py_info/2/916dbcbb3f70747c44a77c7bcd40155683ae19c65e1c03b4aa3499c5328201f1.json [virtualenv/app_data/via_disk_folder.py:132]
.pkg: 202 I proposed PathPythonInfo(spec=CPython3.10.12.final.0-64, exe=/bin/python3, platform=linux, version='3.10.12 (main, Feb  4 2025, 14:57:36) [GCC 11.4.0]', encoding_fs_io=utf-8-utf-8) [virtualenv/discovery/builtin.py:83]
.pkg: 205 D discover PATH[9]=/usr/lib/wsl/lib [virtualenv/discovery/builtin.py:152]
.pkg: 210 D discover PATH[10]=/mnt/c/Program Files (x86)/Common Files/Oracle/Java/java8path [virtualenv/discovery/builtin.py:152]
.pkg: 228 D discover PATH[11]=/mnt/c/WINDOWS/system32 [virtualenv/discovery/builtin.py:152]
.pkg: 247 D discover PATH[12]=/mnt/c/WINDOWS [virtualenv/discovery/builtin.py:152]
.pkg: 251 D discover PATH[13]=/mnt/c/WINDOWS/System32/Wbem [virtualenv/discovery/builtin.py:152]
.pkg: 257 D discover PATH[14]=/mnt/c/WINDOWS/System32/WindowsPowerShell/v1.0 [virtualenv/discovery/builtin.py:152]
.pkg: 263 D discover PATH[15]=/mnt/c/WINDOWS/System32/OpenSSH [virtualenv/discovery/builtin.py:152]
.pkg: 267 D discover PATH[16]=/mnt/c/Program Files/Git/cmd [virtualenv/discovery/builtin.py:152]
.pkg: 271 D discover PATH[17]=/mnt/c/Program Files/dotnet [virtualenv/discovery/builtin.py:152]
.pkg: 274 D discover PATH[18]=/mnt/c/Program Files/Calibre2 [virtualenv/discovery/builtin.py:152]
.pkg: 279 D discover PATH[19]=/mnt/c/Users/jataq/AppData/Local/Microsoft/WindowsApps [virtualenv/discovery/builtin.py:152]
.pkg: 286 D discover PATH[20]=/mnt/c/Users/jataq/AppData/Local/Programs/Microsoft VS Code/bin [virtualenv/discovery/builtin.py:152]
.pkg: 290 D discover PATH[21]=/snap/bin [virtualenv/discovery/builtin.py:152]
.pkg: 293 I find interpreter for spec PythonSpec(implementation=pypy, major=3, free_threaded=False) [virtualenv/discovery/builtin.py:76]
.pkg: 293 I proposed PythonInfo(spec=CPython3.12.0.final.0-64, exe=/home/felipe/miniconda3/envs/sheap/bin/python, platform=linux, version='3.12.0 | packaged by Anaconda, Inc. | (main, Oct  2 2023, 17:29:18) [GCC 11.2.0]', encoding_fs_io=utf-8-utf-8) [virtualenv/discovery/builtin.py:83]
.pkg: 293 D discover PATH[0]=/home/felipe/.local/bin [virtualenv/discovery/builtin.py:152]
.pkg: 293 D discover PATH[1]=/home/felipe/.juliaup/bin [virtualenv/discovery/builtin.py:152]
.pkg: 293 D discover PATH[2]=/home/felipe/miniconda3/envs/sheap/bin [virtualenv/discovery/builtin.py:152]
.pkg: 294 I proposed PathPythonInfo(spec=CPython3.12.0.final.0-64, exe=/home/felipe/miniconda3/envs/sheap/bin/python3.12, platform=linux, version='3.12.0 | packaged by Anaconda, Inc. | (main, Oct  2 2023, 17:29:18) [GCC 11.2.0]', encoding_fs_io=utf-8-utf-8) [virtualenv/discovery/builtin.py:83]
.pkg: 294 I proposed PathPythonInfo(spec=CPython3.12.0.final.0-64, exe=/home/felipe/miniconda3/envs/sheap/bin/python3, platform=linux, version='3.12.0 | packaged by Anaconda, Inc. | (main, Oct  2 2023, 17:29:18) [GCC 11.2.0]', encoding_fs_io=utf-8-utf-8) [virtualenv/discovery/builtin.py:83]
.pkg: 294 I proposed PathPythonInfo(spec=CPython3.12.0.final.0-64, exe=/home/felipe/miniconda3/envs/sheap/bin/python3.1, platform=linux, version='3.12.0 | packaged by Anaconda, Inc. | (main, Oct  2 2023, 17:29:18) [GCC 11.2.0]', encoding_fs_io=utf-8-utf-8) [virtualenv/discovery/builtin.py:83]
.pkg: 294 D discover PATH[3]=/home/felipe/miniconda3/condabin [virtualenv/discovery/builtin.py:152]
.pkg: 294 D discover PATH[4]=/usr/local/bin [virtualenv/discovery/builtin.py:152]
.pkg: 294 D discover PATH[5]=/usr/sbin [virtualenv/discovery/builtin.py:152]
.pkg: 295 D discover PATH[6]=/usr/bin [virtualenv/discovery/builtin.py:152]
.pkg: 296 I proposed PathPythonInfo(spec=CPython3.10.12.final.0-64, exe=/usr/bin/python3.10, platform=linux, version='3.10.12 (main, Feb  4 2025, 14:57:36) [GCC 11.4.0]', encoding_fs_io=utf-8-utf-8) [virtualenv/discovery/builtin.py:83]
.pkg: 297 I proposed PathPythonInfo(spec=CPython3.10.12.final.0-64, exe=/usr/bin/python3, platform=linux, version='3.10.12 (main, Feb  4 2025, 14:57:36) [GCC 11.4.0]', encoding_fs_io=utf-8-utf-8) [virtualenv/discovery/builtin.py:83]
.pkg: 297 D discover PATH[7]=/sbin [virtualenv/discovery/builtin.py:152]
.pkg: 298 D discover PATH[8]=/bin [virtualenv/discovery/builtin.py:152]
.pkg: 300 I proposed PathPythonInfo(spec=CPython3.10.12.final.0-64, exe=/bin/python3.10, platform=linux, version='3.10.12 (main, Feb  4 2025, 14:57:36) [GCC 11.4.0]', encoding_fs_io=utf-8-utf-8) [virtualenv/discovery/builtin.py:83]
.pkg: 300 I proposed PathPythonInfo(spec=CPython3.10.12.final.0-64, exe=/bin/python3, platform=linux, version='3.10.12 (main, Feb  4 2025, 14:57:36) [GCC 11.4.0]', encoding_fs_io=utf-8-utf-8) [virtualenv/discovery/builtin.py:83]
.pkg: 302 D discover PATH[9]=/usr/lib/wsl/lib [virtualenv/discovery/builtin.py:152]
.pkg: 307 D discover PATH[10]=/mnt/c/Program Files (x86)/Common Files/Oracle/Java/java8path [virtualenv/discovery/builtin.py:152]
.pkg: 325 D discover PATH[11]=/mnt/c/WINDOWS/system32 [virtualenv/discovery/builtin.py:152]
.pkg: 344 D discover PATH[12]=/mnt/c/WINDOWS [virtualenv/discovery/builtin.py:152]
.pkg: 349 D discover PATH[13]=/mnt/c/WINDOWS/System32/Wbem [virtualenv/discovery/builtin.py:152]
.pkg: 354 D discover PATH[14]=/mnt/c/WINDOWS/System32/WindowsPowerShell/v1.0 [virtualenv/discovery/builtin.py:152]
.pkg: 360 D discover PATH[15]=/mnt/c/WINDOWS/System32/OpenSSH [virtualenv/discovery/builtin.py:152]
.pkg: 364 D discover PATH[16]=/mnt/c/Program Files/Git/cmd [virtualenv/discovery/builtin.py:152]
.pkg: 368 D discover PATH[17]=/mnt/c/Program Files/dotnet [virtualenv/discovery/builtin.py:152]
.pkg: 372 D discover PATH[18]=/mnt/c/Program Files/Calibre2 [virtualenv/discovery/builtin.py:152]
.pkg: 376 D discover PATH[19]=/mnt/c/Users/jataq/AppData/Local/Microsoft/WindowsApps [virtualenv/discovery/builtin.py:152]
.pkg: 383 D discover PATH[20]=/mnt/c/Users/jataq/AppData/Local/Programs/Microsoft VS Code/bin [virtualenv/discovery/builtin.py:152]
.pkg: 387 D discover PATH[21]=/snap/bin [virtualenv/discovery/builtin.py:152]
.pkg: 390 I find interpreter for spec PythonSpec(implementation=pypy, major=3, free_threaded=False) [virtualenv/discovery/builtin.py:76]
.pkg: 390 I proposed PythonInfo(spec=CPython3.12.0.final.0-64, exe=/home/felipe/miniconda3/envs/sheap/bin/python, platform=linux, version='3.12.0 | packaged by Anaconda, Inc. | (main, Oct  2 2023, 17:29:18) [GCC 11.2.0]', encoding_fs_io=utf-8-utf-8) [virtualenv/discovery/builtin.py:83]
.pkg: 390 D discover PATH[0]=/home/felipe/.local/bin [virtualenv/discovery/builtin.py:152]
.pkg: 390 D discover PATH[1]=/home/felipe/.juliaup/bin [virtualenv/discovery/builtin.py:152]
.pkg: 390 D discover PATH[2]=/home/felipe/miniconda3/envs/sheap/bin [virtualenv/discovery/builtin.py:152]
.pkg: 391 I proposed PathPythonInfo(spec=CPython3.12.0.final.0-64, exe=/home/felipe/miniconda3/envs/sheap/bin/python3.12, platform=linux, version='3.12.0 | packaged by Anaconda, Inc. | (main, Oct  2 2023, 17:29:18) [GCC 11.2.0]', encoding_fs_io=utf-8-utf-8) [virtualenv/discovery/builtin.py:83]
.pkg: 391 I proposed PathPythonInfo(spec=CPython3.12.0.final.0-64, exe=/home/felipe/miniconda3/envs/sheap/bin/python3, platform=linux, version='3.12.0 | packaged by Anaconda, Inc. | (main, Oct  2 2023, 17:29:18) [GCC 11.2.0]', encoding_fs_io=utf-8-utf-8) [virtualenv/discovery/builtin.py:83]
.pkg: 391 I proposed PathPythonInfo(spec=CPython3.12.0.final.0-64, exe=/home/felipe/miniconda3/envs/sheap/bin/python3.1, platform=linux, version='3.12.0 | packaged by Anaconda, Inc. | (main, Oct  2 2023, 17:29:18) [GCC 11.2.0]', encoding_fs_io=utf-8-utf-8) [virtualenv/discovery/builtin.py:83]
.pkg: 391 D discover PATH[3]=/home/felipe/miniconda3/condabin [virtualenv/discovery/builtin.py:152]
.pkg: 391 D discover PATH[4]=/usr/local/bin [virtualenv/discovery/builtin.py:152]
.pkg: 391 D discover PATH[5]=/usr/sbin [virtualenv/discovery/builtin.py:152]
.pkg: 392 D discover PATH[6]=/usr/bin [virtualenv/discovery/builtin.py:152]
.pkg: 394 I proposed PathPythonInfo(spec=CPython3.10.12.final.0-64, exe=/usr/bin/python3.10, platform=linux, version='3.10.12 (main, Feb  4 2025, 14:57:36) [GCC 11.4.0]', encoding_fs_io=utf-8-utf-8) [virtualenv/discovery/builtin.py:83]
.pkg: 394 I proposed PathPythonInfo(spec=CPython3.10.12.final.0-64, exe=/usr/bin/python3, platform=linux, version='3.10.12 (main, Feb  4 2025, 14:57:36) [GCC 11.4.0]', encoding_fs_io=utf-8-utf-8) [virtualenv/discovery/builtin.py:83]
.pkg: 395 D discover PATH[7]=/sbin [virtualenv/discovery/builtin.py:152]
.pkg: 396 D discover PATH[8]=/bin [virtualenv/discovery/builtin.py:152]
.pkg: 397 I proposed PathPythonInfo(spec=CPython3.10.12.final.0-64, exe=/bin/python3.10, platform=linux, version='3.10.12 (main, Feb  4 2025, 14:57:36) [GCC 11.4.0]', encoding_fs_io=utf-8-utf-8) [virtualenv/discovery/builtin.py:83]
.pkg: 397 I proposed PathPythonInfo(spec=CPython3.10.12.final.0-64, exe=/bin/python3, platform=linux, version='3.10.12 (main, Feb  4 2025, 14:57:36) [GCC 11.4.0]', encoding_fs_io=utf-8-utf-8) [virtualenv/discovery/builtin.py:83]
.pkg: 400 D discover PATH[9]=/usr/lib/wsl/lib [virtualenv/discovery/builtin.py:152]
.pkg: 404 D discover PATH[10]=/mnt/c/Program Files (x86)/Common Files/Oracle/Java/java8path [virtualenv/discovery/builtin.py:152]
.pkg: 421 D discover PATH[11]=/mnt/c/WINDOWS/system32 [virtualenv/discovery/builtin.py:152]
.pkg: 440 D discover PATH[12]=/mnt/c/WINDOWS [virtualenv/discovery/builtin.py:152]
.pkg: 445 D discover PATH[13]=/mnt/c/WINDOWS/System32/Wbem [virtualenv/discovery/builtin.py:152]
.pkg: 451 D discover PATH[14]=/mnt/c/WINDOWS/System32/WindowsPowerShell/v1.0 [virtualenv/discovery/builtin.py:152]
.pkg: 456 D discover PATH[15]=/mnt/c/WINDOWS/System32/OpenSSH [virtualenv/discovery/builtin.py:152]
.pkg: 460 D discover PATH[16]=/mnt/c/Program Files/Git/cmd [virtualenv/discovery/builtin.py:152]
.pkg: 464 D discover PATH[17]=/mnt/c/Program Files/dotnet [virtualenv/discovery/builtin.py:152]
.pkg: 468 D discover PATH[18]=/mnt/c/Program Files/Calibre2 [virtualenv/discovery/builtin.py:152]
.pkg: 472 D discover PATH[19]=/mnt/c/Users/jataq/AppData/Local/Microsoft/WindowsApps [virtualenv/discovery/builtin.py:152]
.pkg: 479 D discover PATH[20]=/mnt/c/Users/jataq/AppData/Local/Programs/Microsoft VS Code/bin [virtualenv/discovery/builtin.py:152]
.pkg: 484 D discover PATH[21]=/snap/bin [virtualenv/discovery/builtin.py:152]
.pkg: 486 I find interpreter for spec PythonSpec(implementation=pypy, major=3, free_threaded=False) [virtualenv/discovery/builtin.py:76]
.pkg: 486 I proposed PythonInfo(spec=CPython3.12.0.final.0-64, exe=/home/felipe/miniconda3/envs/sheap/bin/python, platform=linux, version='3.12.0 | packaged by Anaconda, Inc. | (main, Oct  2 2023, 17:29:18) [GCC 11.2.0]', encoding_fs_io=utf-8-utf-8) [virtualenv/discovery/builtin.py:83]
.pkg: 487 D discover PATH[0]=/home/felipe/.local/bin [virtualenv/discovery/builtin.py:152]
.pkg: 487 D discover PATH[1]=/home/felipe/.juliaup/bin [virtualenv/discovery/builtin.py:152]
.pkg: 487 D discover PATH[2]=/home/felipe/miniconda3/envs/sheap/bin [virtualenv/discovery/builtin.py:152]
.pkg: 487 I proposed PathPythonInfo(spec=CPython3.12.0.final.0-64, exe=/home/felipe/miniconda3/envs/sheap/bin/python3.12, platform=linux, version='3.12.0 | packaged by Anaconda, Inc. | (main, Oct  2 2023, 17:29:18) [GCC 11.2.0]', encoding_fs_io=utf-8-utf-8) [virtualenv/discovery/builtin.py:83]
.pkg: 487 I proposed PathPythonInfo(spec=CPython3.12.0.final.0-64, exe=/home/felipe/miniconda3/envs/sheap/bin/python3, platform=linux, version='3.12.0 | packaged by Anaconda, Inc. | (main, Oct  2 2023, 17:29:18) [GCC 11.2.0]', encoding_fs_io=utf-8-utf-8) [virtualenv/discovery/builtin.py:83]
.pkg: 487 I proposed PathPythonInfo(spec=CPython3.12.0.final.0-64, exe=/home/felipe/miniconda3/envs/sheap/bin/python3.1, platform=linux, version='3.12.0 | packaged by Anaconda, Inc. | (main, Oct  2 2023, 17:29:18) [GCC 11.2.0]', encoding_fs_io=utf-8-utf-8) [virtualenv/discovery/builtin.py:83]
.pkg: 488 D discover PATH[3]=/home/felipe/miniconda3/condabin [virtualenv/discovery/builtin.py:152]
.pkg: 488 D discover PATH[4]=/usr/local/bin [virtualenv/discovery/builtin.py:152]
.pkg: 488 D discover PATH[5]=/usr/sbin [virtualenv/discovery/builtin.py:152]
.pkg: 489 D discover PATH[6]=/usr/bin [virtualenv/discovery/builtin.py:152]
.pkg: 490 I proposed PathPythonInfo(spec=CPython3.10.12.final.0-64, exe=/usr/bin/python3.10, platform=linux, version='3.10.12 (main, Feb  4 2025, 14:57:36) [GCC 11.4.0]', encoding_fs_io=utf-8-utf-8) [virtualenv/discovery/builtin.py:83]
.pkg: 491 I proposed PathPythonInfo(spec=CPython3.10.12.final.0-64, exe=/usr/bin/python3, platform=linux, version='3.10.12 (main, Feb  4 2025, 14:57:36) [GCC 11.4.0]', encoding_fs_io=utf-8-utf-8) [virtualenv/discovery/builtin.py:83]
.pkg: 491 D discover PATH[7]=/sbin [virtualenv/discovery/builtin.py:152]
.pkg: 492 D discover PATH[8]=/bin [virtualenv/discovery/builtin.py:152]
.pkg: 493 I proposed PathPythonInfo(spec=CPython3.10.12.final.0-64, exe=/bin/python3.10, platform=linux, version='3.10.12 (main, Feb  4 2025, 14:57:36) [GCC 11.4.0]', encoding_fs_io=utf-8-utf-8) [virtualenv/discovery/builtin.py:83]
.pkg: 494 I proposed PathPythonInfo(spec=CPython3.10.12.final.0-64, exe=/bin/python3, platform=linux, version='3.10.12 (main, Feb  4 2025, 14:57:36) [GCC 11.4.0]', encoding_fs_io=utf-8-utf-8) [virtualenv/discovery/builtin.py:83]
.pkg: 496 D discover PATH[9]=/usr/lib/wsl/lib [virtualenv/discovery/builtin.py:152]
.pkg: 501 D discover PATH[10]=/mnt/c/Program Files (x86)/Common Files/Oracle/Java/java8path [virtualenv/discovery/builtin.py:152]
.pkg: 519 D discover PATH[11]=/mnt/c/WINDOWS/system32 [virtualenv/discovery/builtin.py:152]
.pkg: 538 D discover PATH[12]=/mnt/c/WINDOWS [virtualenv/discovery/builtin.py:152]
.pkg: 543 D discover PATH[13]=/mnt/c/WINDOWS/System32/Wbem [virtualenv/discovery/builtin.py:152]
.pkg: 549 D discover PATH[14]=/mnt/c/WINDOWS/System32/WindowsPowerShell/v1.0 [virtualenv/discovery/builtin.py:152]
.pkg: 554 D discover PATH[15]=/mnt/c/WINDOWS/System32/OpenSSH [virtualenv/discovery/builtin.py:152]
.pkg: 558 D discover PATH[16]=/mnt/c/Program Files/Git/cmd [virtualenv/discovery/builtin.py:152]
.pkg: 562 D discover PATH[17]=/mnt/c/Program Files/dotnet [virtualenv/discovery/builtin.py:152]
.pkg: 565 D discover PATH[18]=/mnt/c/Program Files/Calibre2 [virtualenv/discovery/builtin.py:152]
.pkg: 570 D discover PATH[19]=/mnt/c/Users/jataq/AppData/Local/Microsoft/WindowsApps [virtualenv/discovery/builtin.py:152]
.pkg: 577 D discover PATH[20]=/mnt/c/Users/jataq/AppData/Local/Programs/Microsoft VS Code/bin [virtualenv/discovery/builtin.py:152]
.pkg: 582 D discover PATH[21]=/snap/bin [virtualenv/discovery/builtin.py:152]
.pkg: 584 I find interpreter for spec PythonSpec(path=/home/felipe/miniconda3/envs/sheap/bin/python) [virtualenv/discovery/builtin.py:76]
.pkg: 584 I proposed PythonInfo(spec=CPython3.12.0.final.0-64, exe=/home/felipe/miniconda3/envs/sheap/bin/python, platform=linux, version='3.12.0 | packaged by Anaconda, Inc. | (main, Oct  2 2023, 17:29:18) [GCC 11.2.0]', encoding_fs_io=utf-8-utf-8) [virtualenv/discovery/builtin.py:83]
.pkg: 584 D accepted PythonInfo(spec=CPython3.12.0.final.0-64, exe=/home/felipe/miniconda3/envs/sheap/bin/python, platform=linux, version='3.12.0 | packaged by Anaconda, Inc. | (main, Oct  2 2023, 17:29:18) [GCC 11.2.0]', encoding_fs_io=utf-8-utf-8) [virtualenv/discovery/builtin.py:85]
.pkg: 587 I find interpreter for spec PythonSpec(path=/home/felipe/miniconda3/envs/sheap/bin/python) [virtualenv/discovery/builtin.py:76]
.pkg: 587 I proposed PythonInfo(spec=CPython3.12.0.final.0-64, exe=/home/felipe/miniconda3/envs/sheap/bin/python, platform=linux, version='3.12.0 | packaged by Anaconda, Inc. | (main, Oct  2 2023, 17:29:18) [GCC 11.2.0]', encoding_fs_io=utf-8-utf-8) [virtualenv/discovery/builtin.py:83]
.pkg: 587 D accepted PythonInfo(spec=CPython3.12.0.final.0-64, exe=/home/felipe/miniconda3/envs/sheap/bin/python, platform=linux, version='3.12.0 | packaged by Anaconda, Inc. | (main, Oct  2 2023, 17:29:18) [GCC 11.2.0]', encoding_fs_io=utf-8-utf-8) [virtualenv/discovery/builtin.py:85]
.pkg: 590 I find interpreter for spec PythonSpec(path=/home/felipe/miniconda3/envs/sheap/bin/python) [virtualenv/discovery/builtin.py:76]
.pkg: 590 I proposed PythonInfo(spec=CPython3.12.0.final.0-64, exe=/home/felipe/miniconda3/envs/sheap/bin/python, platform=linux, version='3.12.0 | packaged by Anaconda, Inc. | (main, Oct  2 2023, 17:29:18) [GCC 11.2.0]', encoding_fs_io=utf-8-utf-8) [virtualenv/discovery/builtin.py:83]
.pkg: 590 D accepted PythonInfo(spec=CPython3.12.0.final.0-64, exe=/home/felipe/miniconda3/envs/sheap/bin/python, platform=linux, version='3.12.0 | packaged by Anaconda, Inc. | (main, Oct  2 2023, 17:29:18) [GCC 11.2.0]', encoding_fs_io=utf-8-utf-8) [virtualenv/discovery/builtin.py:85]
.pkg: 593 I find interpreter for spec PythonSpec(path=/home/felipe/miniconda3/envs/sheap/bin/python) [virtualenv/discovery/builtin.py:76]
.pkg: 593 I proposed PythonInfo(spec=CPython3.12.0.final.0-64, exe=/home/felipe/miniconda3/envs/sheap/bin/python, platform=linux, version='3.12.0 | packaged by Anaconda, Inc. | (main, Oct  2 2023, 17:29:18) [GCC 11.2.0]', encoding_fs_io=utf-8-utf-8) [virtualenv/discovery/builtin.py:83]
.pkg: 593 D accepted PythonInfo(spec=CPython3.12.0.final.0-64, exe=/home/felipe/miniconda3/envs/sheap/bin/python, platform=linux, version='3.12.0 | packaged by Anaconda, Inc. | (main, Oct  2 2023, 17:29:18) [GCC 11.2.0]', encoding_fs_io=utf-8-utf-8) [virtualenv/discovery/builtin.py:85]
.pkg: 603 I find interpreter for spec PythonSpec(major=3, minor=12, free_threaded=False) [virtualenv/discovery/builtin.py:76]
.pkg: 603 I proposed PythonInfo(spec=CPython3.12.0.final.0-64, exe=/home/felipe/miniconda3/envs/sheap/bin/python, platform=linux, version='3.12.0 | packaged by Anaconda, Inc. | (main, Oct  2 2023, 17:29:18) [GCC 11.2.0]', encoding_fs_io=utf-8-utf-8) [virtualenv/discovery/builtin.py:83]
.pkg: 603 D accepted PythonInfo(spec=CPython3.12.0.final.0-64, exe=/home/felipe/miniconda3/envs/sheap/bin/python, platform=linux, version='3.12.0 | packaged by Anaconda, Inc. | (main, Oct  2 2023, 17:29:18) [GCC 11.2.0]', encoding_fs_io=utf-8-utf-8) [virtualenv/discovery/builtin.py:85]
.pkg: 606 I find interpreter for spec PythonSpec(major=3, minor=12, free_threaded=False) [virtualenv/discovery/builtin.py:76]
.pkg: 606 I proposed PythonInfo(spec=CPython3.12.0.final.0-64, exe=/home/felipe/miniconda3/envs/sheap/bin/python, platform=linux, version='3.12.0 | packaged by Anaconda, Inc. | (main, Oct  2 2023, 17:29:18) [GCC 11.2.0]', encoding_fs_io=utf-8-utf-8) [virtualenv/discovery/builtin.py:83]
.pkg: 606 D accepted PythonInfo(spec=CPython3.12.0.final.0-64, exe=/home/felipe/miniconda3/envs/sheap/bin/python, platform=linux, version='3.12.0 | packaged by Anaconda, Inc. | (main, Oct  2 2023, 17:29:18) [GCC 11.2.0]', encoding_fs_io=utf-8-utf-8) [virtualenv/discovery/builtin.py:85]
.pkg: 610 I find interpreter for spec PythonSpec(major=3, minor=12, free_threaded=False) [virtualenv/discovery/builtin.py:76]
.pkg: 610 I proposed PythonInfo(spec=CPython3.12.0.final.0-64, exe=/home/felipe/miniconda3/envs/sheap/bin/python, platform=linux, version='3.12.0 | packaged by Anaconda, Inc. | (main, Oct  2 2023, 17:29:18) [GCC 11.2.0]', encoding_fs_io=utf-8-utf-8) [virtualenv/discovery/builtin.py:83]
.pkg: 610 D accepted PythonInfo(spec=CPython3.12.0.final.0-64, exe=/home/felipe/miniconda3/envs/sheap/bin/python, platform=linux, version='3.12.0 | packaged by Anaconda, Inc. | (main, Oct  2 2023, 17:29:18) [GCC 11.2.0]', encoding_fs_io=utf-8-utf-8) [virtualenv/discovery/builtin.py:85]
.pkg: 613 I find interpreter for spec PythonSpec(major=3, minor=12, free_threaded=False) [virtualenv/discovery/builtin.py:76]
.pkg: 614 I proposed PythonInfo(spec=CPython3.12.0.final.0-64, exe=/home/felipe/miniconda3/envs/sheap/bin/python, platform=linux, version='3.12.0 | packaged by Anaconda, Inc. | (main, Oct  2 2023, 17:29:18) [GCC 11.2.0]', encoding_fs_io=utf-8-utf-8) [virtualenv/discovery/builtin.py:83]
.pkg: 614 D accepted PythonInfo(spec=CPython3.12.0.final.0-64, exe=/home/felipe/miniconda3/envs/sheap/bin/python, platform=linux, version='3.12.0 | packaged by Anaconda, Inc. | (main, Oct  2 2023, 17:29:18) [GCC 11.2.0]', encoding_fs_io=utf-8-utf-8) [virtualenv/discovery/builtin.py:85]
.pkg: 619 I find interpreter for spec PythonSpec(path=/home/felipe/miniconda3/envs/sheap/bin/python) [virtualenv/discovery/builtin.py:76]
.pkg: 619 I proposed PythonInfo(spec=CPython3.12.0.final.0-64, exe=/home/felipe/miniconda3/envs/sheap/bin/python, platform=linux, version='3.12.0 | packaged by Anaconda, Inc. | (main, Oct  2 2023, 17:29:18) [GCC 11.2.0]', encoding_fs_io=utf-8-utf-8) [virtualenv/discovery/builtin.py:83]
.pkg: 619 D accepted PythonInfo(spec=CPython3.12.0.final.0-64, exe=/home/felipe/miniconda3/envs/sheap/bin/python, platform=linux, version='3.12.0 | packaged by Anaconda, Inc. | (main, Oct  2 2023, 17:29:18) [GCC 11.2.0]', encoding_fs_io=utf-8-utf-8) [virtualenv/discovery/builtin.py:85]
.pkg: 622 I find interpreter for spec PythonSpec(major=3, minor=12, free_threaded=False) [virtualenv/discovery/builtin.py:76]
.pkg: 623 I proposed PythonInfo(spec=CPython3.12.0.final.0-64, exe=/home/felipe/miniconda3/envs/sheap/bin/python, platform=linux, version='3.12.0 | packaged by Anaconda, Inc. | (main, Oct  2 2023, 17:29:18) [GCC 11.2.0]', encoding_fs_io=utf-8-utf-8) [virtualenv/discovery/builtin.py:83]
.pkg: 623 D accepted PythonInfo(spec=CPython3.12.0.final.0-64, exe=/home/felipe/miniconda3/envs/sheap/bin/python, platform=linux, version='3.12.0 | packaged by Anaconda, Inc. | (main, Oct  2 2023, 17:29:18) [GCC 11.2.0]', encoding_fs_io=utf-8-utf-8) [virtualenv/discovery/builtin.py:85]
.pkg: 633 W _optional_hooks> python /home/felipe/miniconda3/envs/sheap/lib/python3.12/site-packages/pyproject_api/_backend.py True poetry.core.masonry.api [tox/tox_env/api.py:434]
Backend: run command _optional_hooks with args {}
Backend: Wrote response {'return': {'get_requires_for_build_sdist': True, 'prepare_metadata_for_build_wheel': True, 'get_requires_for_build_wheel': True, 'build_editable': True, 'get_requires_for_build_editable': True, 'prepare_metadata_for_build_editable': True}} to /tmp/pep517__optional_hooks-fur7kk1x.json
.pkg: 700 I exit None (0.07 seconds) /home/felipe/work/MyPackages/sheap> python /home/felipe/miniconda3/envs/sheap/lib/python3.12/site-packages/pyproject_api/_backend.py True poetry.core.masonry.api pid=35241 [tox/execute/api.py:294]
.pkg: 700 W get_requires_for_build_sdist> python /home/felipe/miniconda3/envs/sheap/lib/python3.12/site-packages/pyproject_api/_backend.py True poetry.core.masonry.api [tox/tox_env/api.py:434]
Backend: run command get_requires_for_build_sdist with args {'config_settings': None}
Backend: Wrote response {'return': []} to /tmp/pep517_get_requires_for_build_sdist-evlp2a67.json
.pkg: 703 I exit None (0.00 seconds) /home/felipe/work/MyPackages/sheap> python /home/felipe/miniconda3/envs/sheap/lib/python3.12/site-packages/pyproject_api/_backend.py True poetry.core.masonry.api pid=35241 [tox/execute/api.py:294]
.pkg: 703 W get_requires_for_build_editable> python /home/felipe/miniconda3/envs/sheap/lib/python3.12/site-packages/pyproject_api/_backend.py True poetry.core.masonry.api [tox/tox_env/api.py:434]
Backend: run command get_requires_for_build_editable with args {'config_settings': None}
Backend: Wrote response {'return': []} to /tmp/pep517_get_requires_for_build_editable-eixy0a3x.json
.pkg: 705 I exit None (0.00 seconds) /home/felipe/work/MyPackages/sheap> python /home/felipe/miniconda3/envs/sheap/lib/python3.12/site-packages/pyproject_api/_backend.py True poetry.core.masonry.api pid=35241 [tox/execute/api.py:294]
.pkg: 706 W build_editable> python /home/felipe/miniconda3/envs/sheap/lib/python3.12/site-packages/pyproject_api/_backend.py True poetry.core.masonry.api [tox/tox_env/api.py:434]
Backend: run command build_editable with args {'wheel_directory': '/home/felipe/work/MyPackages/sheap/.tox/.pkg/dist', 'config_settings': None, 'metadata_directory': None}
Backend: Wrote response {'return': 'sheap-0.1.0-py3-none-any.whl'} to /tmp/pep517_build_editable-ryj6nt2z.json
.pkg: 805 I exit None (0.10 seconds) /home/felipe/work/MyPackages/sheap> python /home/felipe/miniconda3/envs/sheap/lib/python3.12/site-packages/pyproject_api/_backend.py True poetry.core.masonry.api pid=35241 [tox/execute/api.py:294]
.pkg: 813 D package .tmp/package/13/sheap-0.1.0-py3-none-any.whl links to .pkg/dist/sheap-0.1.0-py3-none-any.whl (/home/felipe/work/MyPackages/sheap/.tox) [tox/util/file_view.py:39]
py312-edit-linux: 813 W install_package> python -I -m pip install --force-reinstall --no-deps /home/felipe/work/MyPackages/sheap/.tox/.tmp/package/13/sheap-0.1.0-py3-none-any.whl [tox/tox_env/api.py:434]
Processing ./.tox/.tmp/package/13/sheap-0.1.0-py3-none-any.whl
Installing collected packages: sheap
  Attempting uninstall: sheap
    Found existing installation: sheap 0.1.0
    Uninstalling sheap-0.1.0:
      Successfully uninstalled sheap-0.1.0
Successfully installed sheap-0.1.0
py312-edit-linux: 1241 I exit 0 (0.43 seconds) /home/felipe/work/MyPackages/sheap> python -I -m pip install --force-reinstall --no-deps /home/felipe/work/MyPackages/sheap/.tox/.tmp/package/13/sheap-0.1.0-py3-none-any.whl pid=35256 [tox/execute/api.py:294]
py312-edit-linux: 1242 W commands[0]> pytest -ra --cov --cov-report=term-missing --cov-report=html:/home/felipe/work/MyPackages/sheap/.tox/py312-edit-linux/htmlcov --cov-context=test --cov-report=xml:/home/felipe/work/MyPackages/sheap/.tox/coverage.py312-edit-linux.xml -n auto tests [tox/tox_env/api.py:434]
============================= test session starts ==============================
platform linux -- Python 3.12.0, pytest-8.3.5, pluggy-1.6.0
cachedir: .tox/py312-edit-linux/.pytest_cache
rootdir: /home/felipe/work/MyPackages/sheap
configfile: pyproject.toml
plugins: click-1.1.0, xdist-3.6.1, cov-4.1.0, explicit-1.0.1, run-subprocess-0.10.0
created: 16/16 workers
16 workers [3 items]

...                                                                      [100%]
=============================== warnings summary ===============================
.tox/py312-edit-linux/lib/python3.12/site-packages/xdist/plugin.py:259: 17 warnings
  /home/felipe/work/MyPackages/sheap/.tox/py312-edit-linux/lib/python3.12/site-packages/xdist/plugin.py:259: DeprecationWarning: The --rsyncdir command line argument and rsyncdirs config variable are deprecated.
  The rsync feature will be removed in pytest-xdist 4.0.
    config.issue_config_time_warning(warning, 2)

-- Docs: https://docs.pytest.org/en/stable/how-to/capture-warnings.html

---------- coverage: platform linux, python 3.12.0-final-0 -----------
Name                                                         Stmts   Miss   Cover   Missing
-------------------------------------------------------------------------------------------
sheap/DataClass/DataClass.py                                    50     50   0.00%   1-88
sheap/DataClass/__init__.py                                      0      0 100.00%
sheap/DataClass/utils.py                                         3      3   0.00%   1-5
sheap/FunctionsMinimize/MasterMinimizer.py                      64     64   0.00%   1-224
sheap/FunctionsMinimize/__init__.py                              1      1   0.00%   1
sheap/FunctionsMinimize/functions.py                           195    195   0.00%   1-480
sheap/FunctionsMinimize/mmm.py                                  79     79   0.00%   1-261
sheap/FunctionsMinimize/template_fe_func.py                     62     62   0.00%   1-156
sheap/FunctionsMinimize/utils.py                               150    150   0.00%   1-303
sheap/HostSubtraction/HostSubtraction.py                       107    107   0.00%   1-216
sheap/HostSubtraction/__init__.py                                1      1   0.00%   1
sheap/HostSubtraction/deprated/__init__.py                       0      0 100.00%
sheap/HostSubtraction/deprated/parameters_star_k_method.py       0      0 100.00%
sheap/HostSubtraction/deprated/pca_method.py                     0      0 100.00%
sheap/HostSubtraction/deprated/start_method.py                   0      0 100.00%
sheap/HostSubtraction/utils.py                                  25     25   0.00%   1-69
sheap/MainSheap.py                                             170    170   0.00%   1-390
sheap/Posterior/ParameterEstimation.py                          94     94   0.00%   1-222
sheap/Posterior/__init__.py                                      0      0 100.00%
sheap/Posterior/line_handling.py                                 0      0 100.00%
sheap/Posterior/monte_carlo.py                                   0      0 100.00%
sheap/Posterior/utils.py                                        49     49   0.00%   1-91
sheap/RegionFitting/RegionFitting.py                           216    216   0.00%   1-624
sheap/RegionFitting/__init__.py                                  0      0 100.00%
sheap/RegionFitting/uncertainty_functions.py                    34     34   0.00%   1-99
sheap/RegionFitting/utils.py                                    39     39   0.00%   1-121
sheap/RegionHandler/RegionBuilder.py                           171    171   0.00%   4-427
sheap/RegionHandler/__init__.py                                  0      0 100.00%
sheap/RegionHandler/utils.py                                    96     96   0.00%   1-215
sheap/SuportData/__init__.py                                     1      1   0.00%   1
sheap/SuportFunctions/__init__.py                                0      0 100.00%
sheap/SuportFunctions/functions.py                             135    135   0.00%   1-330
sheap/Tools/__init__.py                                          1      1   0.00%   1
sheap/Tools/interp_tools.py                                     93     93   0.00%   1-168
sheap/Tools/others.py                                           37     37   0.00%   1-117
sheap/Tools/paths_func.py                                       19     19   0.00%   1-48
sheap/Tools/unred.py                                            47     47   0.00%   5-82
sheap/Tools/vocalisations.py                                     6      6   0.00%   1-7
sheap/__init__.py                                                1      0 100.00%
sheap/__main__.py                                                4      0 100.00%
sheap/_logging.py                                                8      8   0.00%   29-56
sheap/cli.py                                                    20      4  80.00%   42-44, 48
sheap/spectra_readers.py                                        43     43   0.00%   1-97
sheap/utils.py                                                  38     38   0.00%   1-123
tests/smoke_test.py                                              3      0 100.00%
tests/test_cli.py                                               11      0 100.00%
tests/test_invoking_cli.py                                       6      0 100.00%
-------------------------------------------------------------------------------------------
TOTAL                                                         2079   2038   1.97%
Coverage HTML written to dir /home/felipe/work/MyPackages/sheap/.tox/py312-edit-linux/htmlcov
Coverage XML written to file /home/felipe/work/MyPackages/sheap/.tox/coverage.py312-edit-linux.xml

======================== 3 passed, 17 warnings in 1.85s ========================
py312-edit-linux: 3362 I exit 0 (2.12 seconds) /home/felipe/work/MyPackages/sheap> pytest -ra --cov --cov-report=term-missing --cov-report=html:/home/felipe/work/MyPackages/sheap/.tox/py312-edit-linux/htmlcov --cov-context=test --cov-report=xml:/home/felipe/work/MyPackages/sheap/.tox/coverage.py312-edit-linux.xml -n auto tests pid=35271 [tox/execute/api.py:294]
py312-edit-linux: OK ✔ in 2.73 seconds
.pkg: 3367 D package .tmp/package/14/sheap-0.1.0-py3-none-any.whl links to .pkg/dist/sheap-0.1.0-py3-none-any.whl (/home/felipe/work/MyPackages/sheap/.tox) [tox/util/file_view.py:39]
py312-edit-macos: 3368 W install_package> python -I -m pip install --force-reinstall --no-deps /home/felipe/work/MyPackages/sheap/.tox/.tmp/package/14/sheap-0.1.0-py3-none-any.whl [tox/tox_env/api.py:434]
Processing ./.tox/.tmp/package/14/sheap-0.1.0-py3-none-any.whl
Installing collected packages: sheap
  Attempting uninstall: sheap
    Found existing installation: sheap 0.1.0
    Uninstalling sheap-0.1.0:
      Successfully uninstalled sheap-0.1.0
Successfully installed sheap-0.1.0
py312-edit-macos: 3803 I exit 0 (0.43 seconds) /home/felipe/work/MyPackages/sheap> python -I -m pip install --force-reinstall --no-deps /home/felipe/work/MyPackages/sheap/.tox/.tmp/package/14/sheap-0.1.0-py3-none-any.whl pid=35383 [tox/execute/api.py:294]
py312-edit-macos: 3804 W commands[0]> pytest -ra --cov --cov-report=term-missing --cov-report=html:/home/felipe/work/MyPackages/sheap/.tox/py312-edit-macos/htmlcov --cov-context=test --cov-report=xml:/home/felipe/work/MyPackages/sheap/.tox/coverage.py312-edit-macos.xml -n auto tests [tox/tox_env/api.py:434]
============================= test session starts ==============================
platform linux -- Python 3.12.0, pytest-8.3.5, pluggy-1.6.0
cachedir: .tox/py312-edit-macos/.pytest_cache
rootdir: /home/felipe/work/MyPackages/sheap
configfile: pyproject.toml
plugins: click-1.1.0, xdist-3.6.1, cov-4.1.0, explicit-1.0.1, run-subprocess-0.10.0
created: 16/16 workers
16 workers [3 items]

...                                                                      [100%]
=============================== warnings summary ===============================
.tox/py312-edit-macos/lib/python3.12/site-packages/xdist/plugin.py:259: 17 warnings
  /home/felipe/work/MyPackages/sheap/.tox/py312-edit-macos/lib/python3.12/site-packages/xdist/plugin.py:259: DeprecationWarning: The --rsyncdir command line argument and rsyncdirs config variable are deprecated.
  The rsync feature will be removed in pytest-xdist 4.0.
    config.issue_config_time_warning(warning, 2)

-- Docs: https://docs.pytest.org/en/stable/how-to/capture-warnings.html

---------- coverage: platform linux, python 3.12.0-final-0 -----------
Name                                                         Stmts   Miss   Cover   Missing
-------------------------------------------------------------------------------------------
sheap/DataClass/DataClass.py                                    50     50   0.00%   1-88
sheap/DataClass/__init__.py                                      0      0 100.00%
sheap/DataClass/utils.py                                         3      3   0.00%   1-5
sheap/FunctionsMinimize/MasterMinimizer.py                      64     64   0.00%   1-224
sheap/FunctionsMinimize/__init__.py                              1      1   0.00%   1
sheap/FunctionsMinimize/functions.py                           195    195   0.00%   1-480
sheap/FunctionsMinimize/mmm.py                                  79     79   0.00%   1-261
sheap/FunctionsMinimize/template_fe_func.py                     62     62   0.00%   1-156
sheap/FunctionsMinimize/utils.py                               150    150   0.00%   1-303
sheap/HostSubtraction/HostSubtraction.py                       107    107   0.00%   1-216
sheap/HostSubtraction/__init__.py                                1      1   0.00%   1
sheap/HostSubtraction/deprated/__init__.py                       0      0 100.00%
sheap/HostSubtraction/deprated/parameters_star_k_method.py       0      0 100.00%
sheap/HostSubtraction/deprated/pca_method.py                     0      0 100.00%
sheap/HostSubtraction/deprated/start_method.py                   0      0 100.00%
sheap/HostSubtraction/utils.py                                  25     25   0.00%   1-69
sheap/MainSheap.py                                             170    170   0.00%   1-390
sheap/Posterior/ParameterEstimation.py                          94     94   0.00%   1-222
sheap/Posterior/__init__.py                                      0      0 100.00%
sheap/Posterior/line_handling.py                                 0      0 100.00%
sheap/Posterior/monte_carlo.py                                   0      0 100.00%
sheap/Posterior/utils.py                                        49     49   0.00%   1-91
sheap/RegionFitting/RegionFitting.py                           216    216   0.00%   1-624
sheap/RegionFitting/__init__.py                                  0      0 100.00%
sheap/RegionFitting/uncertainty_functions.py                    34     34   0.00%   1-99
sheap/RegionFitting/utils.py                                    39     39   0.00%   1-121
sheap/RegionHandler/RegionBuilder.py                           171    171   0.00%   4-427
sheap/RegionHandler/__init__.py                                  0      0 100.00%
sheap/RegionHandler/utils.py                                    96     96   0.00%   1-215
sheap/SuportData/__init__.py                                     1      1   0.00%   1
sheap/SuportFunctions/__init__.py                                0      0 100.00%
sheap/SuportFunctions/functions.py                             135    135   0.00%   1-330
sheap/Tools/__init__.py                                          1      1   0.00%   1
sheap/Tools/interp_tools.py                                     93     93   0.00%   1-168
sheap/Tools/others.py                                           37     37   0.00%   1-117
sheap/Tools/paths_func.py                                       19     19   0.00%   1-48
sheap/Tools/unred.py                                            47     47   0.00%   5-82
sheap/Tools/vocalisations.py                                     6      6   0.00%   1-7
sheap/__init__.py                                                1      0 100.00%
sheap/__main__.py                                                4      0 100.00%
sheap/_logging.py                                                8      8   0.00%   29-56
sheap/cli.py                                                    20      4  80.00%   42-44, 48
sheap/spectra_readers.py                                        43     43   0.00%   1-97
sheap/utils.py                                                  38     38   0.00%   1-123
tests/smoke_test.py                                              3      0 100.00%
tests/test_cli.py                                               11      0 100.00%
tests/test_invoking_cli.py                                       6      0 100.00%
-------------------------------------------------------------------------------------------
TOTAL                                                         2079   2038   1.97%
Coverage HTML written to dir /home/felipe/work/MyPackages/sheap/.tox/py312-edit-macos/htmlcov
Coverage XML written to file /home/felipe/work/MyPackages/sheap/.tox/coverage.py312-edit-macos.xml

======================== 3 passed, 17 warnings in 1.78s ========================
py312-edit-macos: 5859 I exit 0 (2.05 seconds) /home/felipe/work/MyPackages/sheap> pytest -ra --cov --cov-report=term-missing --cov-report=html:/home/felipe/work/MyPackages/sheap/.tox/py312-edit-macos/htmlcov --cov-context=test --cov-report=xml:/home/felipe/work/MyPackages/sheap/.tox/coverage.py312-edit-macos.xml -n auto tests pid=35398 [tox/execute/api.py:294]
py312-edit-macos: OK ✔ in 2.5 seconds
.pkg: 5865 D package .tmp/package/15/sheap-0.1.0-py3-none-any.whl links to .pkg/dist/sheap-0.1.0-py3-none-any.whl (/home/felipe/work/MyPackages/sheap/.tox) [tox/util/file_view.py:39]
py312-edit-windows: 5866 W install_package> python -I -m pip install --force-reinstall --no-deps /home/felipe/work/MyPackages/sheap/.tox/.tmp/package/15/sheap-0.1.0-py3-none-any.whl [tox/tox_env/api.py:434]
Processing ./.tox/.tmp/package/15/sheap-0.1.0-py3-none-any.whl
Installing collected packages: sheap
  Attempting uninstall: sheap
    Found existing installation: sheap 0.1.0
    Uninstalling sheap-0.1.0:
      Successfully uninstalled sheap-0.1.0
Successfully installed sheap-0.1.0
py312-edit-windows: 6291 I exit 0 (0.42 seconds) /home/felipe/work/MyPackages/sheap> python -I -m pip install --force-reinstall --no-deps /home/felipe/work/MyPackages/sheap/.tox/.tmp/package/15/sheap-0.1.0-py3-none-any.whl pid=35515 [tox/execute/api.py:294]
py312-edit-windows: 6292 W commands[0]> pytest -ra --cov --cov-report=term-missing --cov-report=html:/home/felipe/work/MyPackages/sheap/.tox/py312-edit-windows/htmlcov --cov-context=test --cov-report=xml:/home/felipe/work/MyPackages/sheap/.tox/coverage.py312-edit-windows.xml -n auto tests [tox/tox_env/api.py:434]
============================= test session starts ==============================
platform linux -- Python 3.12.0, pytest-8.3.5, pluggy-1.6.0
cachedir: .tox/py312-edit-windows/.pytest_cache
rootdir: /home/felipe/work/MyPackages/sheap
configfile: pyproject.toml
plugins: click-1.1.0, xdist-3.6.1, cov-4.1.0, explicit-1.0.1, run-subprocess-0.10.0
created: 16/16 workers
16 workers [3 items]

...                                                                      [100%]
=============================== warnings summary ===============================
.tox/py312-edit-windows/lib/python3.12/site-packages/xdist/plugin.py:259: 17 warnings
  /home/felipe/work/MyPackages/sheap/.tox/py312-edit-windows/lib/python3.12/site-packages/xdist/plugin.py:259: DeprecationWarning: The --rsyncdir command line argument and rsyncdirs config variable are deprecated.
  The rsync feature will be removed in pytest-xdist 4.0.
    config.issue_config_time_warning(warning, 2)

-- Docs: https://docs.pytest.org/en/stable/how-to/capture-warnings.html

---------- coverage: platform linux, python 3.12.0-final-0 -----------
Name                                                         Stmts   Miss   Cover   Missing
-------------------------------------------------------------------------------------------
sheap/DataClass/DataClass.py                                    50     50   0.00%   1-88
sheap/DataClass/__init__.py                                      0      0 100.00%
sheap/DataClass/utils.py                                         3      3   0.00%   1-5
sheap/FunctionsMinimize/MasterMinimizer.py                      64     64   0.00%   1-224
sheap/FunctionsMinimize/__init__.py                              1      1   0.00%   1
sheap/FunctionsMinimize/functions.py                           195    195   0.00%   1-480
sheap/FunctionsMinimize/mmm.py                                  79     79   0.00%   1-261
sheap/FunctionsMinimize/template_fe_func.py                     62     62   0.00%   1-156
sheap/FunctionsMinimize/utils.py                               150    150   0.00%   1-303
sheap/HostSubtraction/HostSubtraction.py                       107    107   0.00%   1-216
sheap/HostSubtraction/__init__.py                                1      1   0.00%   1
sheap/HostSubtraction/deprated/__init__.py                       0      0 100.00%
sheap/HostSubtraction/deprated/parameters_star_k_method.py       0      0 100.00%
sheap/HostSubtraction/deprated/pca_method.py                     0      0 100.00%
sheap/HostSubtraction/deprated/start_method.py                   0      0 100.00%
sheap/HostSubtraction/utils.py                                  25     25   0.00%   1-69
sheap/MainSheap.py                                             170    170   0.00%   1-390
sheap/Posterior/ParameterEstimation.py                          94     94   0.00%   1-222
sheap/Posterior/__init__.py                                      0      0 100.00%
sheap/Posterior/line_handling.py                                 0      0 100.00%
sheap/Posterior/monte_carlo.py                                   0      0 100.00%
sheap/Posterior/utils.py                                        49     49   0.00%   1-91
sheap/RegionFitting/RegionFitting.py                           216    216   0.00%   1-624
sheap/RegionFitting/__init__.py                                  0      0 100.00%
sheap/RegionFitting/uncertainty_functions.py                    34     34   0.00%   1-99
sheap/RegionFitting/utils.py                                    39     39   0.00%   1-121
sheap/RegionHandler/RegionBuilder.py                           171    171   0.00%   4-427
sheap/RegionHandler/__init__.py                                  0      0 100.00%
sheap/RegionHandler/utils.py                                    96     96   0.00%   1-215
sheap/SuportData/__init__.py                                     1      1   0.00%   1
sheap/SuportFunctions/__init__.py                                0      0 100.00%
sheap/SuportFunctions/functions.py                             135    135   0.00%   1-330
sheap/Tools/__init__.py                                          1      1   0.00%   1
sheap/Tools/interp_tools.py                                     93     93   0.00%   1-168
sheap/Tools/others.py                                           37     37   0.00%   1-117
sheap/Tools/paths_func.py                                       19     19   0.00%   1-48
sheap/Tools/unred.py                                            47     47   0.00%   5-82
sheap/Tools/vocalisations.py                                     6      6   0.00%   1-7
sheap/__init__.py                                                1      0 100.00%
sheap/__main__.py                                                4      0 100.00%
sheap/_logging.py                                                8      8   0.00%   29-56
sheap/cli.py                                                    20      4  80.00%   42-44, 48
sheap/spectra_readers.py                                        43     43   0.00%   1-97
sheap/utils.py                                                  38     38   0.00%   1-123
tests/smoke_test.py                                              3      0 100.00%
tests/test_cli.py                                               11      0 100.00%
tests/test_invoking_cli.py                                       6      0 100.00%
-------------------------------------------------------------------------------------------
TOTAL                                                         2079   2038   1.97%
Coverage HTML written to dir /home/felipe/work/MyPackages/sheap/.tox/py312-edit-windows/htmlcov
Coverage XML written to file /home/felipe/work/MyPackages/sheap/.tox/coverage.py312-edit-windows.xml

======================== 3 passed, 17 warnings in 1.80s ========================
py312-edit-windows: 8362 I exit 0 (2.07 seconds) /home/felipe/work/MyPackages/sheap> pytest -ra --cov --cov-report=term-missing --cov-report=html:/home/felipe/work/MyPackages/sheap/.tox/py312-edit-windows/htmlcov --cov-context=test --cov-report=xml:/home/felipe/work/MyPackages/sheap/.tox/coverage.py312-edit-windows.xml -n auto tests pid=35530 [tox/execute/api.py:294]
py312-edit-windows: OK ✔ in 2.5 seconds
py312-sdist-linux: 8366 I find interpreter for spec PythonSpec(major=3, minor=12, free_threaded=False) [virtualenv/discovery/builtin.py:76]
py312-sdist-linux: 8366 I proposed PythonInfo(spec=CPython3.12.0.final.0-64, exe=/home/felipe/miniconda3/envs/sheap/bin/python, platform=linux, version='3.12.0 | packaged by Anaconda, Inc. | (main, Oct  2 2023, 17:29:18) [GCC 11.2.0]', encoding_fs_io=utf-8-utf-8) [virtualenv/discovery/builtin.py:83]
py312-sdist-linux: 8366 D accepted PythonInfo(spec=CPython3.12.0.final.0-64, exe=/home/felipe/miniconda3/envs/sheap/bin/python, platform=linux, version='3.12.0 | packaged by Anaconda, Inc. | (main, Oct  2 2023, 17:29:18) [GCC 11.2.0]', encoding_fs_io=utf-8-utf-8) [virtualenv/discovery/builtin.py:85]
.pkg: 8371 W build_sdist> python /home/felipe/miniconda3/envs/sheap/lib/python3.12/site-packages/pyproject_api/_backend.py True poetry.core.masonry.api [tox/tox_env/api.py:434]
Backend: run command build_sdist with args {'sdist_directory': '/home/felipe/work/MyPackages/sheap/.tox/.pkg/dist', 'config_settings': None}
Backend: Wrote response {'return': 'sheap-0.1.0.tar.gz'} to /tmp/pep517_build_sdist-10_4kqbq.json
.pkg: 14880 I exit None (6.51 seconds) /home/felipe/work/MyPackages/sheap> python /home/felipe/miniconda3/envs/sheap/lib/python3.12/site-packages/pyproject_api/_backend.py True poetry.core.masonry.api pid=35241 [tox/execute/api.py:294]
.pkg: 14881 D package .tmp/package/16/sheap-0.1.0.tar.gz links to .pkg/dist/sheap-0.1.0.tar.gz (/home/felipe/work/MyPackages/sheap/.tox) [tox/util/file_view.py:39]
py312-sdist-linux: 14882 W install_package> python -I -m pip install --force-reinstall --no-deps /home/felipe/work/MyPackages/sheap/.tox/.tmp/package/16/sheap-0.1.0.tar.gz [tox/tox_env/api.py:434]
Processing ./.tox/.tmp/package/16/sheap-0.1.0.tar.gz
  Installing build dependencies: started
  Installing build dependencies: finished with status 'done'
  Getting requirements to build wheel: started
  Getting requirements to build wheel: finished with status 'done'
  Preparing metadata (pyproject.toml): started
  Preparing metadata (pyproject.toml): finished with status 'done'
Building wheels for collected packages: sheap
  Building wheel for sheap (pyproject.toml): started
  Building wheel for sheap (pyproject.toml): finished with status 'done'
  Created wheel for sheap: filename=sheap-0.1.0-py3-none-any.whl size=99771834 sha256=27ae87fc657b14c46b1323b7cf3b5172552034f4327a340fbe381fa73a0092b0
  Stored in directory: /home/felipe/.cache/pip/wheels/da/58/79/9fd7cf8c4e8325b06fce952a8c1eabff1fb6de9967b337ddea
Successfully built sheap
Installing collected packages: sheap
  Attempting uninstall: sheap
    Found existing installation: sheap 0.1.0
    Uninstalling sheap-0.1.0:
      Successfully uninstalled sheap-0.1.0
Successfully installed sheap-0.1.0
py312-sdist-linux: 23063 I exit 0 (8.18 seconds) /home/felipe/work/MyPackages/sheap> python -I -m pip install --force-reinstall --no-deps /home/felipe/work/MyPackages/sheap/.tox/.tmp/package/16/sheap-0.1.0.tar.gz pid=35649 [tox/execute/api.py:294]
py312-sdist-linux: 23064 W commands[0]> pytest -ra --cov --cov-report=term-missing --cov-report=html:/home/felipe/work/MyPackages/sheap/.tox/py312-sdist-linux/htmlcov --cov-context=test --cov-report=xml:/home/felipe/work/MyPackages/sheap/.tox/coverage.py312-sdist-linux.xml -n auto tests [tox/tox_env/api.py:434]
============================= test session starts ==============================
platform linux -- Python 3.12.0, pytest-8.3.5, pluggy-1.6.0
cachedir: .tox/py312-sdist-linux/.pytest_cache
rootdir: /home/felipe/work/MyPackages/sheap
configfile: pyproject.toml
plugins: click-1.1.0, xdist-3.6.1, cov-4.1.0, explicit-1.0.1, run-subprocess-0.10.0
created: 16/16 workers
16 workers [3 items]

...                                                                      [100%]
=============================== warnings summary ===============================
.tox/py312-sdist-linux/lib/python3.12/site-packages/xdist/plugin.py:259: 17 warnings
  /home/felipe/work/MyPackages/sheap/.tox/py312-sdist-linux/lib/python3.12/site-packages/xdist/plugin.py:259: DeprecationWarning: The --rsyncdir command line argument and rsyncdirs config variable are deprecated.
  The rsync feature will be removed in pytest-xdist 4.0.
    config.issue_config_time_warning(warning, 2)

-- Docs: https://docs.pytest.org/en/stable/how-to/capture-warnings.html

---------- coverage: platform linux, python 3.12.0-final-0 -----------
Name                                                         Stmts   Miss   Cover   Missing
-------------------------------------------------------------------------------------------
sheap/DataClass/DataClass.py                                    50     50   0.00%   1-88
sheap/DataClass/__init__.py                                      0      0 100.00%
sheap/DataClass/utils.py                                         3      3   0.00%   1-5
sheap/FunctionsMinimize/MasterMinimizer.py                      64     64   0.00%   1-224
sheap/FunctionsMinimize/__init__.py                              1      1   0.00%   1
sheap/FunctionsMinimize/functions.py                           195    195   0.00%   1-480
sheap/FunctionsMinimize/mmm.py                                  79     79   0.00%   1-261
sheap/FunctionsMinimize/template_fe_func.py                     62     62   0.00%   1-156
sheap/FunctionsMinimize/utils.py                               150    150   0.00%   1-303
sheap/HostSubtraction/HostSubtraction.py                       107    107   0.00%   1-216
sheap/HostSubtraction/__init__.py                                1      1   0.00%   1
sheap/HostSubtraction/deprated/__init__.py                       0      0 100.00%
sheap/HostSubtraction/deprated/parameters_star_k_method.py       0      0 100.00%
sheap/HostSubtraction/deprated/pca_method.py                     0      0 100.00%
sheap/HostSubtraction/deprated/start_method.py                   0      0 100.00%
sheap/HostSubtraction/utils.py                                  25     25   0.00%   1-69
sheap/MainSheap.py                                             170    170   0.00%   1-390
sheap/Posterior/ParameterEstimation.py                          94     94   0.00%   1-222
sheap/Posterior/__init__.py                                      0      0 100.00%
sheap/Posterior/line_handling.py                                 0      0 100.00%
sheap/Posterior/monte_carlo.py                                   0      0 100.00%
sheap/Posterior/utils.py                                        49     49   0.00%   1-91
sheap/RegionFitting/RegionFitting.py                           216    216   0.00%   1-624
sheap/RegionFitting/__init__.py                                  0      0 100.00%
sheap/RegionFitting/uncertainty_functions.py                    34     34   0.00%   1-99
sheap/RegionFitting/utils.py                                    39     39   0.00%   1-121
sheap/RegionHandler/RegionBuilder.py                           171    171   0.00%   4-427
sheap/RegionHandler/__init__.py                                  0      0 100.00%
sheap/RegionHandler/utils.py                                    96     96   0.00%   1-215
sheap/SuportData/__init__.py                                     1      1   0.00%   1
sheap/SuportFunctions/__init__.py                                0      0 100.00%
sheap/SuportFunctions/functions.py                             135    135   0.00%   1-330
sheap/Tools/__init__.py                                          1      1   0.00%   1
sheap/Tools/interp_tools.py                                     93     93   0.00%   1-168
sheap/Tools/others.py                                           37     37   0.00%   1-117
sheap/Tools/paths_func.py                                       19     19   0.00%   1-48
sheap/Tools/unred.py                                            47     47   0.00%   5-82
sheap/Tools/vocalisations.py                                     6      6   0.00%   1-7
sheap/__init__.py                                                1      0 100.00%
sheap/__main__.py                                                4      0 100.00%
sheap/_logging.py                                                8      8   0.00%   29-56
sheap/cli.py                                                    20      6  70.00%   40-44, 48
sheap/spectra_readers.py                                        43     43   0.00%   1-97
sheap/utils.py                                                  38     38   0.00%   1-123
tests/smoke_test.py                                              3      0 100.00%
tests/test_cli.py                                               11      0 100.00%
tests/test_invoking_cli.py                                       6      0 100.00%
-------------------------------------------------------------------------------------------
TOTAL                                                         2079   2040   1.88%
Coverage HTML written to dir /home/felipe/work/MyPackages/sheap/.tox/py312-sdist-linux/htmlcov
Coverage XML written to file /home/felipe/work/MyPackages/sheap/.tox/coverage.py312-sdist-linux.xml

======================== 3 passed, 17 warnings in 1.98s ========================
py312-sdist-linux: 25328 I exit 0 (2.26 seconds) /home/felipe/work/MyPackages/sheap> pytest -ra --cov --cov-report=term-missing --cov-report=html:/home/felipe/work/MyPackages/sheap/.tox/py312-sdist-linux/htmlcov --cov-context=test --cov-report=xml:/home/felipe/work/MyPackages/sheap/.tox/coverage.py312-sdist-linux.xml -n auto tests pid=35685 [tox/execute/api.py:294]
py312-sdist-linux: OK ✔ in 16.97 seconds
py312-sdist-macos: 25332 I find interpreter for spec PythonSpec(major=3, minor=12, free_threaded=False) [virtualenv/discovery/builtin.py:76]
py312-sdist-macos: 25332 I proposed PythonInfo(spec=CPython3.12.0.final.0-64, exe=/home/felipe/miniconda3/envs/sheap/bin/python, platform=linux, version='3.12.0 | packaged by Anaconda, Inc. | (main, Oct  2 2023, 17:29:18) [GCC 11.2.0]', encoding_fs_io=utf-8-utf-8) [virtualenv/discovery/builtin.py:83]
py312-sdist-macos: 25332 D accepted PythonInfo(spec=CPython3.12.0.final.0-64, exe=/home/felipe/miniconda3/envs/sheap/bin/python, platform=linux, version='3.12.0 | packaged by Anaconda, Inc. | (main, Oct  2 2023, 17:29:18) [GCC 11.2.0]', encoding_fs_io=utf-8-utf-8) [virtualenv/discovery/builtin.py:85]
.pkg: 25337 D package .tmp/package/17/sheap-0.1.0.tar.gz links to .pkg/dist/sheap-0.1.0.tar.gz (/home/felipe/work/MyPackages/sheap/.tox) [tox/util/file_view.py:39]
py312-sdist-macos: 25338 W install_package> python -I -m pip install --force-reinstall --no-deps /home/felipe/work/MyPackages/sheap/.tox/.tmp/package/17/sheap-0.1.0.tar.gz [tox/tox_env/api.py:434]
Processing ./.tox/.tmp/package/17/sheap-0.1.0.tar.gz
  Installing build dependencies: started
  Installing build dependencies: finished with status 'done'
  Getting requirements to build wheel: started
  Getting requirements to build wheel: finished with status 'done'
  Preparing metadata (pyproject.toml): started
  Preparing metadata (pyproject.toml): finished with status 'done'
Building wheels for collected packages: sheap
  Building wheel for sheap (pyproject.toml): started
  Building wheel for sheap (pyproject.toml): finished with status 'done'
  Created wheel for sheap: filename=sheap-0.1.0-py3-none-any.whl size=99771834 sha256=27ae87fc657b14c46b1323b7cf3b5172552034f4327a340fbe381fa73a0092b0
  Stored in directory: /home/felipe/.cache/pip/wheels/f8/d8/3a/655e6530af800c98d3941cf7fd4a4aaf32ad620ac4944d5f57
Successfully built sheap
Installing collected packages: sheap
  Attempting uninstall: sheap
    Found existing installation: sheap 0.1.0
    Uninstalling sheap-0.1.0:
      Successfully uninstalled sheap-0.1.0
Successfully installed sheap-0.1.0
py312-sdist-macos: 34417 I exit 0 (9.62 seconds) /home/felipe/work/MyPackages/sheap> python -I -m pip install --force-reinstall --no-deps /home/felipe/work/MyPackages/sheap/.tox/.tmp/package/17/sheap-0.1.0.tar.gz pid=35797 [tox/execute/api.py:294]
py312-sdist-macos: 34418 W commands[0]> pytest -ra --cov --cov-report=term-missing --cov-report=html:/home/felipe/work/MyPackages/sheap/.tox/py312-sdist-macos/htmlcov --cov-context=test --cov-report=xml:/home/felipe/work/MyPackages/sheap/.tox/coverage.py312-sdist-macos.xml -n auto tests [tox/tox_env/api.py:434]
============================= test session starts ==============================
platform linux -- Python 3.12.0, pytest-8.3.5, pluggy-1.6.0
cachedir: .tox/py312-sdist-macos/.pytest_cache
rootdir: /home/felipe/work/MyPackages/sheap
configfile: pyproject.toml
plugins: click-1.1.0, xdist-3.6.1, cov-4.1.0, explicit-1.0.1, run-subprocess-0.10.0
created: 16/16 workers
16 workers [3 items]

...                                                                      [100%]
=============================== warnings summary ===============================
.tox/py312-sdist-macos/lib/python3.12/site-packages/xdist/plugin.py:259: 17 warnings
  /home/felipe/work/MyPackages/sheap/.tox/py312-sdist-macos/lib/python3.12/site-packages/xdist/plugin.py:259: DeprecationWarning: The --rsyncdir command line argument and rsyncdirs config variable are deprecated.
  The rsync feature will be removed in pytest-xdist 4.0.
    config.issue_config_time_warning(warning, 2)

-- Docs: https://docs.pytest.org/en/stable/how-to/capture-warnings.html

---------- coverage: platform linux, python 3.12.0-final-0 -----------
Name                                                         Stmts   Miss   Cover   Missing
-------------------------------------------------------------------------------------------
sheap/DataClass/DataClass.py                                    50     50   0.00%   1-88
sheap/DataClass/__init__.py                                      0      0 100.00%
sheap/DataClass/utils.py                                         3      3   0.00%   1-5
sheap/FunctionsMinimize/MasterMinimizer.py                      64     64   0.00%   1-224
sheap/FunctionsMinimize/__init__.py                              1      1   0.00%   1
sheap/FunctionsMinimize/functions.py                           195    195   0.00%   1-480
sheap/FunctionsMinimize/mmm.py                                  79     79   0.00%   1-261
sheap/FunctionsMinimize/template_fe_func.py                     62     62   0.00%   1-156
sheap/FunctionsMinimize/utils.py                               150    150   0.00%   1-303
sheap/HostSubtraction/HostSubtraction.py                       107    107   0.00%   1-216
sheap/HostSubtraction/__init__.py                                1      1   0.00%   1
sheap/HostSubtraction/deprated/__init__.py                       0      0 100.00%
sheap/HostSubtraction/deprated/parameters_star_k_method.py       0      0 100.00%
sheap/HostSubtraction/deprated/pca_method.py                     0      0 100.00%
sheap/HostSubtraction/deprated/start_method.py                   0      0 100.00%
sheap/HostSubtraction/utils.py                                  25     25   0.00%   1-69
sheap/MainSheap.py                                             170    170   0.00%   1-390
sheap/Posterior/ParameterEstimation.py                          94     94   0.00%   1-222
sheap/Posterior/__init__.py                                      0      0 100.00%
sheap/Posterior/line_handling.py                                 0      0 100.00%
sheap/Posterior/monte_carlo.py                                   0      0 100.00%
sheap/Posterior/utils.py                                        49     49   0.00%   1-91
sheap/RegionFitting/RegionFitting.py                           216    216   0.00%   1-624
sheap/RegionFitting/__init__.py                                  0      0 100.00%
sheap/RegionFitting/uncertainty_functions.py                    34     34   0.00%   1-99
sheap/RegionFitting/utils.py                                    39     39   0.00%   1-121
sheap/RegionHandler/RegionBuilder.py                           171    171   0.00%   4-427
sheap/RegionHandler/__init__.py                                  0      0 100.00%
sheap/RegionHandler/utils.py                                    96     96   0.00%   1-215
sheap/SuportData/__init__.py                                     1      1   0.00%   1
sheap/SuportFunctions/__init__.py                                0      0 100.00%
sheap/SuportFunctions/functions.py                             135    135   0.00%   1-330
sheap/Tools/__init__.py                                          1      1   0.00%   1
sheap/Tools/interp_tools.py                                     93     93   0.00%   1-168
sheap/Tools/others.py                                           37     37   0.00%   1-117
sheap/Tools/paths_func.py                                       19     19   0.00%   1-48
sheap/Tools/unred.py                                            47     47   0.00%   5-82
sheap/Tools/vocalisations.py                                     6      6   0.00%   1-7
sheap/__init__.py                                                1      0 100.00%
sheap/__main__.py                                                4      0 100.00%
sheap/_logging.py                                                8      8   0.00%   29-56
sheap/cli.py                                                    20      6  70.00%   40-44, 48
sheap/spectra_readers.py                                        43     43   0.00%   1-97
sheap/utils.py                                                  38     38   0.00%   1-123
tests/smoke_test.py                                              3      0 100.00%
tests/test_cli.py                                               11      0 100.00%
tests/test_invoking_cli.py                                       6      0 100.00%
-------------------------------------------------------------------------------------------
TOTAL                                                         2079   2040   1.88%
Coverage HTML written to dir /home/felipe/work/MyPackages/sheap/.tox/py312-sdist-macos/htmlcov
Coverage XML written to file /home/felipe/work/MyPackages/sheap/.tox/coverage.py312-sdist-macos.xml

======================== 3 passed, 17 warnings in 2.50s ========================
py312-sdist-macos: 37311 I exit 0 (2.89 seconds) /home/felipe/work/MyPackages/sheap> pytest -ra --cov --cov-report=term-missing --cov-report=html:/home/felipe/work/MyPackages/sheap/.tox/py312-sdist-macos/htmlcov --cov-context=test --cov-report=xml:/home/felipe/work/MyPackages/sheap/.tox/coverage.py312-sdist-macos.xml -n auto tests pid=35843 [tox/execute/api.py:294]
py312-sdist-macos: OK ✔ in 12.53 seconds
py312-sdist-windows: 37316 I find interpreter for spec PythonSpec(major=3, minor=12, free_threaded=False) [virtualenv/discovery/builtin.py:76]
py312-sdist-windows: 37316 I proposed PythonInfo(spec=CPython3.12.0.final.0-64, exe=/home/felipe/miniconda3/envs/sheap/bin/python, platform=linux, version='3.12.0 | packaged by Anaconda, Inc. | (main, Oct  2 2023, 17:29:18) [GCC 11.2.0]', encoding_fs_io=utf-8-utf-8) [virtualenv/discovery/builtin.py:83]
py312-sdist-windows: 37316 D accepted PythonInfo(spec=CPython3.12.0.final.0-64, exe=/home/felipe/miniconda3/envs/sheap/bin/python, platform=linux, version='3.12.0 | packaged by Anaconda, Inc. | (main, Oct  2 2023, 17:29:18) [GCC 11.2.0]', encoding_fs_io=utf-8-utf-8) [virtualenv/discovery/builtin.py:85]
.pkg: 37323 D package .tmp/package/18/sheap-0.1.0.tar.gz links to .pkg/dist/sheap-0.1.0.tar.gz (/home/felipe/work/MyPackages/sheap/.tox) [tox/util/file_view.py:39]
py312-sdist-windows: 37323 W install_package> python -I -m pip install --force-reinstall --no-deps /home/felipe/work/MyPackages/sheap/.tox/.tmp/package/18/sheap-0.1.0.tar.gz [tox/tox_env/api.py:434]
Processing ./.tox/.tmp/package/18/sheap-0.1.0.tar.gz
  Installing build dependencies: started
  Installing build dependencies: finished with status 'done'
  Getting requirements to build wheel: started
  Getting requirements to build wheel: finished with status 'done'
  Preparing metadata (pyproject.toml): started
  Preparing metadata (pyproject.toml): finished with status 'done'
Building wheels for collected packages: sheap
  Building wheel for sheap (pyproject.toml): started
  Building wheel for sheap (pyproject.toml): finished with status 'done'
  Created wheel for sheap: filename=sheap-0.1.0-py3-none-any.whl size=99771834 sha256=27ae87fc657b14c46b1323b7cf3b5172552034f4327a340fbe381fa73a0092b0
  Stored in directory: /home/felipe/.cache/pip/wheels/d8/6d/08/c8686e7894806476c82e3a391ebc3cfa2e9d9af5744671b4dd
Successfully built sheap
Installing collected packages: sheap
  Attempting uninstall: sheap
    Found existing installation: sheap 0.1.0
    Uninstalling sheap-0.1.0:
      Successfully uninstalled sheap-0.1.0
Successfully installed sheap-0.1.0
py312-sdist-windows: 46308 I exit 0 (8.98 seconds) /home/felipe/work/MyPackages/sheap> python -I -m pip install --force-reinstall --no-deps /home/felipe/work/MyPackages/sheap/.tox/.tmp/package/18/sheap-0.1.0.tar.gz pid=35985 [tox/execute/api.py:294]
py312-sdist-windows: 46309 W commands[0]> pytest -ra --cov --cov-report=term-missing --cov-report=html:/home/felipe/work/MyPackages/sheap/.tox/py312-sdist-windows/htmlcov --cov-context=test --cov-report=xml:/home/felipe/work/MyPackages/sheap/.tox/coverage.py312-sdist-windows.xml -n auto tests [tox/tox_env/api.py:434]
============================= test session starts ==============================
platform linux -- Python 3.12.0, pytest-8.3.5, pluggy-1.6.0
cachedir: .tox/py312-sdist-windows/.pytest_cache
rootdir: /home/felipe/work/MyPackages/sheap
configfile: pyproject.toml
plugins: click-1.1.0, xdist-3.6.1, cov-4.1.0, explicit-1.0.1, run-subprocess-0.10.0
created: 16/16 workers
16 workers [3 items]

...                                                                      [100%]
=============================== warnings summary ===============================
.tox/py312-sdist-windows/lib/python3.12/site-packages/xdist/plugin.py:259: 17 warnings
  /home/felipe/work/MyPackages/sheap/.tox/py312-sdist-windows/lib/python3.12/site-packages/xdist/plugin.py:259: DeprecationWarning: The --rsyncdir command line argument and rsyncdirs config variable are deprecated.
  The rsync feature will be removed in pytest-xdist 4.0.
    config.issue_config_time_warning(warning, 2)

-- Docs: https://docs.pytest.org/en/stable/how-to/capture-warnings.html

---------- coverage: platform linux, python 3.12.0-final-0 -----------
Name                                                         Stmts   Miss   Cover   Missing
-------------------------------------------------------------------------------------------
sheap/DataClass/DataClass.py                                    50     50   0.00%   1-88
sheap/DataClass/__init__.py                                      0      0 100.00%
sheap/DataClass/utils.py                                         3      3   0.00%   1-5
sheap/FunctionsMinimize/MasterMinimizer.py                      64     64   0.00%   1-224
sheap/FunctionsMinimize/__init__.py                              1      1   0.00%   1
sheap/FunctionsMinimize/functions.py                           195    195   0.00%   1-480
sheap/FunctionsMinimize/mmm.py                                  79     79   0.00%   1-261
sheap/FunctionsMinimize/template_fe_func.py                     62     62   0.00%   1-156
sheap/FunctionsMinimize/utils.py                               150    150   0.00%   1-303
sheap/HostSubtraction/HostSubtraction.py                       107    107   0.00%   1-216
sheap/HostSubtraction/__init__.py                                1      1   0.00%   1
sheap/HostSubtraction/deprated/__init__.py                       0      0 100.00%
sheap/HostSubtraction/deprated/parameters_star_k_method.py       0      0 100.00%
sheap/HostSubtraction/deprated/pca_method.py                     0      0 100.00%
sheap/HostSubtraction/deprated/start_method.py                   0      0 100.00%
sheap/HostSubtraction/utils.py                                  25     25   0.00%   1-69
sheap/MainSheap.py                                             170    170   0.00%   1-390
sheap/Posterior/ParameterEstimation.py                          94     94   0.00%   1-222
sheap/Posterior/__init__.py                                      0      0 100.00%
sheap/Posterior/line_handling.py                                 0      0 100.00%
sheap/Posterior/monte_carlo.py                                   0      0 100.00%
sheap/Posterior/utils.py                                        49     49   0.00%   1-91
sheap/RegionFitting/RegionFitting.py                           216    216   0.00%   1-624
sheap/RegionFitting/__init__.py                                  0      0 100.00%
sheap/RegionFitting/uncertainty_functions.py                    34     34   0.00%   1-99
sheap/RegionFitting/utils.py                                    39     39   0.00%   1-121
sheap/RegionHandler/RegionBuilder.py                           171    171   0.00%   4-427
sheap/RegionHandler/__init__.py                                  0      0 100.00%
sheap/RegionHandler/utils.py                                    96     96   0.00%   1-215
sheap/SuportData/__init__.py                                     1      1   0.00%   1
sheap/SuportFunctions/__init__.py                                0      0 100.00%
sheap/SuportFunctions/functions.py                             135    135   0.00%   1-330
sheap/Tools/__init__.py                                          1      1   0.00%   1
sheap/Tools/interp_tools.py                                     93     93   0.00%   1-168
sheap/Tools/others.py                                           37     37   0.00%   1-117
sheap/Tools/paths_func.py                                       19     19   0.00%   1-48
sheap/Tools/unred.py                                            47     47   0.00%   5-82
sheap/Tools/vocalisations.py                                     6      6   0.00%   1-7
sheap/__init__.py                                                1      0 100.00%
sheap/__main__.py                                                4      0 100.00%
sheap/_logging.py                                                8      8   0.00%   29-56
sheap/cli.py                                                    20      6  70.00%   40-44, 48
sheap/spectra_readers.py                                        43     43   0.00%   1-97
sheap/utils.py                                                  38     38   0.00%   1-123
tests/smoke_test.py                                              3      0 100.00%
tests/test_cli.py                                               11      0 100.00%
tests/test_invoking_cli.py                                       6      0 100.00%
-------------------------------------------------------------------------------------------
TOTAL                                                         2079   2040   1.88%
Coverage HTML written to dir /home/felipe/work/MyPackages/sheap/.tox/py312-sdist-windows/htmlcov
Coverage XML written to file /home/felipe/work/MyPackages/sheap/.tox/coverage.py312-sdist-windows.xml

======================== 3 passed, 17 warnings in 2.21s ========================
py312-sdist-windows: 48804 I exit 0 (2.49 seconds) /home/felipe/work/MyPackages/sheap> pytest -ra --cov --cov-report=term-missing --cov-report=html:/home/felipe/work/MyPackages/sheap/.tox/py312-sdist-windows/htmlcov --cov-context=test --cov-report=xml:/home/felipe/work/MyPackages/sheap/.tox/coverage.py312-sdist-windows.xml -n auto tests pid=36024 [tox/execute/api.py:294]
.pkg: 48804 W _exit> python /home/felipe/miniconda3/envs/sheap/lib/python3.12/site-packages/pyproject_api/_backend.py True poetry.core.masonry.api [tox/tox_env/api.py:434]
Backend: run command _exit with args {}
Backend: Wrote response {'return': 0} to /tmp/pep517__exit-o42tz8fo.json
.pkg: 48806 I exit None (0.00 seconds) /home/felipe/work/MyPackages/sheap> python /home/felipe/miniconda3/envs/sheap/lib/python3.12/site-packages/pyproject_api/_backend.py True poetry.core.masonry.api pid=35241 [tox/execute/api.py:294]
.pkg: 48832 D delete package /home/felipe/work/MyPackages/sheap/.tox/.tmp/package/15/sheap-0.1.0-py3-none-any.whl [tox/tox_env/python/virtual_env/package/pyproject.py:224]
.pkg: 48832 D delete package /home/felipe/work/MyPackages/sheap/.tox/.tmp/package/18/sheap-0.1.0.tar.gz [tox/tox_env/python/virtual_env/package/pyproject.py:224]
.pkg: 48832 D delete package /home/felipe/work/MyPackages/sheap/.tox/.tmp/package/14/sheap-0.1.0-py3-none-any.whl [tox/tox_env/python/virtual_env/package/pyproject.py:224]
.pkg: 48832 D delete package /home/felipe/work/MyPackages/sheap/.tox/.tmp/package/17/sheap-0.1.0.tar.gz [tox/tox_env/python/virtual_env/package/pyproject.py:224]
.pkg: 48832 D delete package /home/felipe/work/MyPackages/sheap/.tox/.tmp/package/13/sheap-0.1.0-py3-none-any.whl [tox/tox_env/python/virtual_env/package/pyproject.py:224]
.pkg: 48832 D delete package /home/felipe/work/MyPackages/sheap/.tox/.tmp/package/16/sheap-0.1.0.tar.gz [tox/tox_env/python/virtual_env/package/pyproject.py:224]
py312-sdist-windows: OK ✔ in 11.52 seconds
py312-wheel-linux: 48835 I find interpreter for spec PythonSpec(major=3, minor=12, free_threaded=False) [virtualenv/discovery/builtin.py:76]
py312-wheel-linux: 48835 I proposed PythonInfo(spec=CPython3.12.0.final.0-64, exe=/home/felipe/miniconda3/envs/sheap/bin/python, platform=linux, version='3.12.0 | packaged by Anaconda, Inc. | (main, Oct  2 2023, 17:29:18) [GCC 11.2.0]', encoding_fs_io=utf-8-utf-8) [virtualenv/discovery/builtin.py:83]
py312-wheel-linux: 48835 D accepted PythonInfo(spec=CPython3.12.0.final.0-64, exe=/home/felipe/miniconda3/envs/sheap/bin/python, platform=linux, version='3.12.0 | packaged by Anaconda, Inc. | (main, Oct  2 2023, 17:29:18) [GCC 11.2.0]', encoding_fs_io=utf-8-utf-8) [virtualenv/discovery/builtin.py:85]
py312-wheel-linux: 48837 W commands[0]> pip wheel --wheel-dir /home/felipe/work/MyPackages/sheap/.tox/dist /home/felipe/work/MyPackages/sheap [tox/tox_env/api.py:434]
Processing /home/felipe/work/MyPackages/sheap
  Installing build dependencies: started
  Installing build dependencies: finished with status 'done'
  Getting requirements to build wheel: started
  Getting requirements to build wheel: finished with status 'done'
  Preparing metadata (pyproject.toml): started
  Preparing metadata (pyproject.toml): finished with status 'done'
Collecting astropy>=7.0 (from sheap==0.1.0)
  File was already downloaded /home/felipe/work/MyPackages/sheap/.tox/dist/astropy-7.0.2-cp312-cp312-manylinux_2_17_x86_64.manylinux2014_x86_64.whl
Collecting auto_uncertainties (from sheap==0.1.0)
  File was already downloaded /home/felipe/work/MyPackages/sheap/.tox/dist/auto_uncertainties-0.6.3-py3-none-any.whl
Collecting matplotlib>=3.9.3 (from sheap==0.1.0)
  File was already downloaded /home/felipe/work/MyPackages/sheap/.tox/dist/matplotlib-3.10.3-cp312-cp312-manylinux_2_17_x86_64.manylinux2014_x86_64.whl
Collecting numpy>=2.2.4 (from sheap==0.1.0)
  File was already downloaded /home/felipe/work/MyPackages/sheap/.tox/dist/numpy-2.2.6-cp312-cp312-manylinux_2_17_x86_64.manylinux2014_x86_64.whl
Collecting optax>0.2.3 (from sheap==0.1.0)
  File was already downloaded /home/felipe/work/MyPackages/sheap/.tox/dist/optax-0.2.4-py3-none-any.whl
Collecting pandas (from sheap==0.1.0)
  File was already downloaded /home/felipe/work/MyPackages/sheap/.tox/dist/pandas-2.2.3-cp312-cp312-manylinux_2_17_x86_64.manylinux2014_x86_64.whl
Collecting sfdmap2 (from sheap==0.1.0)
  File was already downloaded /home/felipe/work/MyPackages/sheap/.tox/dist/sfdmap2-0.2.2.post3-py3-none-any.whl
Collecting pyerfa>=2.0.1.1 (from astropy>=7.0->sheap==0.1.0)
  File was already downloaded /home/felipe/work/MyPackages/sheap/.tox/dist/pyerfa-2.0.1.5-cp39-abi3-manylinux_2_17_x86_64.manylinux2014_x86_64.whl
Collecting astropy-iers-data>=0.2025.4.28.0.37.27 (from astropy>=7.0->sheap==0.1.0)
  File was already downloaded /home/felipe/work/MyPackages/sheap/.tox/dist/astropy_iers_data-0.2025.5.12.0.38.29-py3-none-any.whl
Collecting PyYAML>=6.0.0 (from astropy>=7.0->sheap==0.1.0)
  File was already downloaded /home/felipe/work/MyPackages/sheap/.tox/dist/PyYAML-6.0.2-cp312-cp312-manylinux_2_17_x86_64.manylinux2014_x86_64.whl
Collecting packaging>=22.0.0 (from astropy>=7.0->sheap==0.1.0)
  File was already downloaded /home/felipe/work/MyPackages/sheap/.tox/dist/packaging-25.0-py3-none-any.whl
Collecting contourpy>=1.0.1 (from matplotlib>=3.9.3->sheap==0.1.0)
  File was already downloaded /home/felipe/work/MyPackages/sheap/.tox/dist/contourpy-1.3.2-cp312-cp312-manylinux_2_17_x86_64.manylinux2014_x86_64.whl
Collecting cycler>=0.10 (from matplotlib>=3.9.3->sheap==0.1.0)
  File was already downloaded /home/felipe/work/MyPackages/sheap/.tox/dist/cycler-0.12.1-py3-none-any.whl
Collecting fonttools>=4.22.0 (from matplotlib>=3.9.3->sheap==0.1.0)
  File was already downloaded /home/felipe/work/MyPackages/sheap/.tox/dist/fonttools-4.58.0-cp312-cp312-manylinux_2_5_x86_64.manylinux1_x86_64.manylinux_2_17_x86_64.manylinux2014_x86_64.whl
Collecting kiwisolver>=1.3.1 (from matplotlib>=3.9.3->sheap==0.1.0)
  File was already downloaded /home/felipe/work/MyPackages/sheap/.tox/dist/kiwisolver-1.4.8-cp312-cp312-manylinux_2_17_x86_64.manylinux2014_x86_64.whl
Collecting pillow>=8 (from matplotlib>=3.9.3->sheap==0.1.0)
  File was already downloaded /home/felipe/work/MyPackages/sheap/.tox/dist/pillow-11.2.1-cp312-cp312-manylinux_2_28_x86_64.whl
Collecting pyparsing>=2.3.1 (from matplotlib>=3.9.3->sheap==0.1.0)
  File was already downloaded /home/felipe/work/MyPackages/sheap/.tox/dist/pyparsing-3.2.3-py3-none-any.whl
Collecting python-dateutil>=2.7 (from matplotlib>=3.9.3->sheap==0.1.0)
  File was already downloaded /home/felipe/work/MyPackages/sheap/.tox/dist/python_dateutil-2.9.0.post0-py2.py3-none-any.whl
Collecting absl-py>=0.7.1 (from optax>0.2.3->sheap==0.1.0)
  File was already downloaded /home/felipe/work/MyPackages/sheap/.tox/dist/absl_py-2.2.2-py3-none-any.whl
Collecting chex>=0.1.87 (from optax>0.2.3->sheap==0.1.0)
  File was already downloaded /home/felipe/work/MyPackages/sheap/.tox/dist/chex-0.1.89-py3-none-any.whl
Collecting jax>=0.4.27 (from optax>0.2.3->sheap==0.1.0)
  File was already downloaded /home/felipe/work/MyPackages/sheap/.tox/dist/jax-0.6.0-py3-none-any.whl
Collecting jaxlib>=0.4.27 (from optax>0.2.3->sheap==0.1.0)
  File was already downloaded /home/felipe/work/MyPackages/sheap/.tox/dist/jaxlib-0.6.0-cp312-cp312-manylinux2014_x86_64.whl
Collecting etils[epy] (from optax>0.2.3->sheap==0.1.0)
  File was already downloaded /home/felipe/work/MyPackages/sheap/.tox/dist/etils-1.12.2-py3-none-any.whl
Collecting joblib>=1.2.0 (from auto_uncertainties->sheap==0.1.0)
  File was already downloaded /home/felipe/work/MyPackages/sheap/.tox/dist/joblib-1.5.0-py3-none-any.whl
Collecting loguru>=0.6.0 (from auto_uncertainties->sheap==0.1.0)
  File was already downloaded /home/felipe/work/MyPackages/sheap/.tox/dist/loguru-0.7.3-py3-none-any.whl
Collecting lazy_loader==0.4 (from auto_uncertainties->sheap==0.1.0)
  File was already downloaded /home/felipe/work/MyPackages/sheap/.tox/dist/lazy_loader-0.4-py3-none-any.whl
Collecting pytz>=2020.1 (from pandas->sheap==0.1.0)
  File was already downloaded /home/felipe/work/MyPackages/sheap/.tox/dist/pytz-2025.2-py2.py3-none-any.whl
Collecting tzdata>=2022.7 (from pandas->sheap==0.1.0)
  File was already downloaded /home/felipe/work/MyPackages/sheap/.tox/dist/tzdata-2025.2-py2.py3-none-any.whl
Collecting typing_extensions>=4.2.0 (from chex>=0.1.87->optax>0.2.3->sheap==0.1.0)
  File was already downloaded /home/felipe/work/MyPackages/sheap/.tox/dist/typing_extensions-4.13.2-py3-none-any.whl
Collecting setuptools (from chex>=0.1.87->optax>0.2.3->sheap==0.1.0)
  File was already downloaded /home/felipe/work/MyPackages/sheap/.tox/dist/setuptools-80.7.1-py3-none-any.whl
Collecting toolz>=0.9.0 (from chex>=0.1.87->optax>0.2.3->sheap==0.1.0)
  File was already downloaded /home/felipe/work/MyPackages/sheap/.tox/dist/toolz-1.0.0-py3-none-any.whl
Collecting ml_dtypes>=0.5.0 (from jax>=0.4.27->optax>0.2.3->sheap==0.1.0)
  File was already downloaded /home/felipe/work/MyPackages/sheap/.tox/dist/ml_dtypes-0.5.1-cp312-cp312-manylinux_2_17_x86_64.manylinux2014_x86_64.whl
Collecting opt_einsum (from jax>=0.4.27->optax>0.2.3->sheap==0.1.0)
  File was already downloaded /home/felipe/work/MyPackages/sheap/.tox/dist/opt_einsum-3.4.0-py3-none-any.whl
Collecting scipy>=1.11.1 (from jax>=0.4.27->optax>0.2.3->sheap==0.1.0)
  File was already downloaded /home/felipe/work/MyPackages/sheap/.tox/dist/scipy-1.15.3-cp312-cp312-manylinux_2_17_x86_64.manylinux2014_x86_64.whl
Collecting six>=1.5 (from python-dateutil>=2.7->matplotlib>=3.9.3->sheap==0.1.0)
  File was already downloaded /home/felipe/work/MyPackages/sheap/.tox/dist/six-1.17.0-py2.py3-none-any.whl
Building wheels for collected packages: sheap
  Building wheel for sheap (pyproject.toml): started
  Building wheel for sheap (pyproject.toml): finished with status 'done'
  Created wheel for sheap: filename=sheap-0.1.0-py3-none-any.whl size=99771834 sha256=27ae87fc657b14c46b1323b7cf3b5172552034f4327a340fbe381fa73a0092b0
  Stored in directory: /tmp/pip-ephem-wheel-cache-iy6bypmk/wheels/3f/f6/84/a72a930b8a7e7273c88d778c0c98c95b5236f7dd6622a5c277
Successfully built sheap
py312-wheel-linux: 57599 I exit 0 (8.76 seconds) /home/felipe/work/MyPackages/sheap> pip wheel --wheel-dir /home/felipe/work/MyPackages/sheap/.tox/dist /home/felipe/work/MyPackages/sheap pid=36143 [tox/execute/api.py:294]
py312-wheel-linux: OK ✔ in 8.77 seconds
py312-wheel-macos: 57602 I find interpreter for spec PythonSpec(major=3, minor=12, free_threaded=False) [virtualenv/discovery/builtin.py:76]
py312-wheel-macos: 57602 I proposed PythonInfo(spec=CPython3.12.0.final.0-64, exe=/home/felipe/miniconda3/envs/sheap/bin/python, platform=linux, version='3.12.0 | packaged by Anaconda, Inc. | (main, Oct  2 2023, 17:29:18) [GCC 11.2.0]', encoding_fs_io=utf-8-utf-8) [virtualenv/discovery/builtin.py:83]
py312-wheel-macos: 57602 D accepted PythonInfo(spec=CPython3.12.0.final.0-64, exe=/home/felipe/miniconda3/envs/sheap/bin/python, platform=linux, version='3.12.0 | packaged by Anaconda, Inc. | (main, Oct  2 2023, 17:29:18) [GCC 11.2.0]', encoding_fs_io=utf-8-utf-8) [virtualenv/discovery/builtin.py:85]
py312-wheel-macos: 57604 W commands[0]> pip wheel --wheel-dir /home/felipe/work/MyPackages/sheap/.tox/dist /home/felipe/work/MyPackages/sheap [tox/tox_env/api.py:434]
Processing /home/felipe/work/MyPackages/sheap
  Installing build dependencies: started
  Installing build dependencies: finished with status 'done'
  Getting requirements to build wheel: started
  Getting requirements to build wheel: finished with status 'done'
  Preparing metadata (pyproject.toml): started
  Preparing metadata (pyproject.toml): finished with status 'done'
Collecting astropy>=7.0 (from sheap==0.1.0)
  File was already downloaded /home/felipe/work/MyPackages/sheap/.tox/dist/astropy-7.0.2-cp312-cp312-manylinux_2_17_x86_64.manylinux2014_x86_64.whl
Collecting auto_uncertainties (from sheap==0.1.0)
  File was already downloaded /home/felipe/work/MyPackages/sheap/.tox/dist/auto_uncertainties-0.6.3-py3-none-any.whl
Collecting matplotlib>=3.9.3 (from sheap==0.1.0)
  File was already downloaded /home/felipe/work/MyPackages/sheap/.tox/dist/matplotlib-3.10.3-cp312-cp312-manylinux_2_17_x86_64.manylinux2014_x86_64.whl
Collecting numpy>=2.2.4 (from sheap==0.1.0)
  File was already downloaded /home/felipe/work/MyPackages/sheap/.tox/dist/numpy-2.2.6-cp312-cp312-manylinux_2_17_x86_64.manylinux2014_x86_64.whl
Collecting optax>0.2.3 (from sheap==0.1.0)
  File was already downloaded /home/felipe/work/MyPackages/sheap/.tox/dist/optax-0.2.4-py3-none-any.whl
Collecting pandas (from sheap==0.1.0)
  File was already downloaded /home/felipe/work/MyPackages/sheap/.tox/dist/pandas-2.2.3-cp312-cp312-manylinux_2_17_x86_64.manylinux2014_x86_64.whl
Collecting sfdmap2 (from sheap==0.1.0)
  File was already downloaded /home/felipe/work/MyPackages/sheap/.tox/dist/sfdmap2-0.2.2.post3-py3-none-any.whl
Collecting pyerfa>=2.0.1.1 (from astropy>=7.0->sheap==0.1.0)
  File was already downloaded /home/felipe/work/MyPackages/sheap/.tox/dist/pyerfa-2.0.1.5-cp39-abi3-manylinux_2_17_x86_64.manylinux2014_x86_64.whl
Collecting astropy-iers-data>=0.2025.4.28.0.37.27 (from astropy>=7.0->sheap==0.1.0)
  File was already downloaded /home/felipe/work/MyPackages/sheap/.tox/dist/astropy_iers_data-0.2025.5.12.0.38.29-py3-none-any.whl
Collecting PyYAML>=6.0.0 (from astropy>=7.0->sheap==0.1.0)
  File was already downloaded /home/felipe/work/MyPackages/sheap/.tox/dist/PyYAML-6.0.2-cp312-cp312-manylinux_2_17_x86_64.manylinux2014_x86_64.whl
Collecting packaging>=22.0.0 (from astropy>=7.0->sheap==0.1.0)
  File was already downloaded /home/felipe/work/MyPackages/sheap/.tox/dist/packaging-25.0-py3-none-any.whl
Collecting contourpy>=1.0.1 (from matplotlib>=3.9.3->sheap==0.1.0)
  File was already downloaded /home/felipe/work/MyPackages/sheap/.tox/dist/contourpy-1.3.2-cp312-cp312-manylinux_2_17_x86_64.manylinux2014_x86_64.whl
Collecting cycler>=0.10 (from matplotlib>=3.9.3->sheap==0.1.0)
  File was already downloaded /home/felipe/work/MyPackages/sheap/.tox/dist/cycler-0.12.1-py3-none-any.whl
Collecting fonttools>=4.22.0 (from matplotlib>=3.9.3->sheap==0.1.0)
  File was already downloaded /home/felipe/work/MyPackages/sheap/.tox/dist/fonttools-4.58.0-cp312-cp312-manylinux_2_5_x86_64.manylinux1_x86_64.manylinux_2_17_x86_64.manylinux2014_x86_64.whl
Collecting kiwisolver>=1.3.1 (from matplotlib>=3.9.3->sheap==0.1.0)
  File was already downloaded /home/felipe/work/MyPackages/sheap/.tox/dist/kiwisolver-1.4.8-cp312-cp312-manylinux_2_17_x86_64.manylinux2014_x86_64.whl
Collecting pillow>=8 (from matplotlib>=3.9.3->sheap==0.1.0)
  File was already downloaded /home/felipe/work/MyPackages/sheap/.tox/dist/pillow-11.2.1-cp312-cp312-manylinux_2_28_x86_64.whl
Collecting pyparsing>=2.3.1 (from matplotlib>=3.9.3->sheap==0.1.0)
  File was already downloaded /home/felipe/work/MyPackages/sheap/.tox/dist/pyparsing-3.2.3-py3-none-any.whl
Collecting python-dateutil>=2.7 (from matplotlib>=3.9.3->sheap==0.1.0)
  File was already downloaded /home/felipe/work/MyPackages/sheap/.tox/dist/python_dateutil-2.9.0.post0-py2.py3-none-any.whl
Collecting absl-py>=0.7.1 (from optax>0.2.3->sheap==0.1.0)
  File was already downloaded /home/felipe/work/MyPackages/sheap/.tox/dist/absl_py-2.2.2-py3-none-any.whl
Collecting chex>=0.1.87 (from optax>0.2.3->sheap==0.1.0)
  File was already downloaded /home/felipe/work/MyPackages/sheap/.tox/dist/chex-0.1.89-py3-none-any.whl
Collecting jax>=0.4.27 (from optax>0.2.3->sheap==0.1.0)
  File was already downloaded /home/felipe/work/MyPackages/sheap/.tox/dist/jax-0.6.0-py3-none-any.whl
Collecting jaxlib>=0.4.27 (from optax>0.2.3->sheap==0.1.0)
  File was already downloaded /home/felipe/work/MyPackages/sheap/.tox/dist/jaxlib-0.6.0-cp312-cp312-manylinux2014_x86_64.whl
Collecting etils[epy] (from optax>0.2.3->sheap==0.1.0)
  File was already downloaded /home/felipe/work/MyPackages/sheap/.tox/dist/etils-1.12.2-py3-none-any.whl
Collecting joblib>=1.2.0 (from auto_uncertainties->sheap==0.1.0)
  File was already downloaded /home/felipe/work/MyPackages/sheap/.tox/dist/joblib-1.5.0-py3-none-any.whl
Collecting loguru>=0.6.0 (from auto_uncertainties->sheap==0.1.0)
  File was already downloaded /home/felipe/work/MyPackages/sheap/.tox/dist/loguru-0.7.3-py3-none-any.whl
Collecting lazy_loader==0.4 (from auto_uncertainties->sheap==0.1.0)
  File was already downloaded /home/felipe/work/MyPackages/sheap/.tox/dist/lazy_loader-0.4-py3-none-any.whl
Collecting pytz>=2020.1 (from pandas->sheap==0.1.0)
  File was already downloaded /home/felipe/work/MyPackages/sheap/.tox/dist/pytz-2025.2-py2.py3-none-any.whl
Collecting tzdata>=2022.7 (from pandas->sheap==0.1.0)
  File was already downloaded /home/felipe/work/MyPackages/sheap/.tox/dist/tzdata-2025.2-py2.py3-none-any.whl
Collecting typing_extensions>=4.2.0 (from chex>=0.1.87->optax>0.2.3->sheap==0.1.0)
  File was already downloaded /home/felipe/work/MyPackages/sheap/.tox/dist/typing_extensions-4.13.2-py3-none-any.whl
Collecting setuptools (from chex>=0.1.87->optax>0.2.3->sheap==0.1.0)
  File was already downloaded /home/felipe/work/MyPackages/sheap/.tox/dist/setuptools-80.7.1-py3-none-any.whl
Collecting toolz>=0.9.0 (from chex>=0.1.87->optax>0.2.3->sheap==0.1.0)
  File was already downloaded /home/felipe/work/MyPackages/sheap/.tox/dist/toolz-1.0.0-py3-none-any.whl
Collecting ml_dtypes>=0.5.0 (from jax>=0.4.27->optax>0.2.3->sheap==0.1.0)
  File was already downloaded /home/felipe/work/MyPackages/sheap/.tox/dist/ml_dtypes-0.5.1-cp312-cp312-manylinux_2_17_x86_64.manylinux2014_x86_64.whl
Collecting opt_einsum (from jax>=0.4.27->optax>0.2.3->sheap==0.1.0)
  File was already downloaded /home/felipe/work/MyPackages/sheap/.tox/dist/opt_einsum-3.4.0-py3-none-any.whl
Collecting scipy>=1.11.1 (from jax>=0.4.27->optax>0.2.3->sheap==0.1.0)
  File was already downloaded /home/felipe/work/MyPackages/sheap/.tox/dist/scipy-1.15.3-cp312-cp312-manylinux_2_17_x86_64.manylinux2014_x86_64.whl
Collecting six>=1.5 (from python-dateutil>=2.7->matplotlib>=3.9.3->sheap==0.1.0)
  File was already downloaded /home/felipe/work/MyPackages/sheap/.tox/dist/six-1.17.0-py2.py3-none-any.whl
Building wheels for collected packages: sheap
  Building wheel for sheap (pyproject.toml): started
  Building wheel for sheap (pyproject.toml): finished with status 'done'
  Created wheel for sheap: filename=sheap-0.1.0-py3-none-any.whl size=99771834 sha256=27ae87fc657b14c46b1323b7cf3b5172552034f4327a340fbe381fa73a0092b0
  Stored in directory: /tmp/pip-ephem-wheel-cache-_bz892mz/wheels/3f/f6/84/a72a930b8a7e7273c88d778c0c98c95b5236f7dd6622a5c277
Successfully built sheap
py312-wheel-macos: 65604 I exit 0 (8.56 seconds) /home/felipe/work/MyPackages/sheap> pip wheel --wheel-dir /home/felipe/work/MyPackages/sheap/.tox/dist /home/felipe/work/MyPackages/sheap pid=36250 [tox/execute/api.py:294]
py312-wheel-macos: OK ✔ in 8.57 seconds
py312-wheel-windows: 65607 I find interpreter for spec PythonSpec(major=3, minor=12, free_threaded=False) [virtualenv/discovery/builtin.py:76]
py312-wheel-windows: 65607 I proposed PythonInfo(spec=CPython3.12.0.final.0-64, exe=/home/felipe/miniconda3/envs/sheap/bin/python, platform=linux, version='3.12.0 | packaged by Anaconda, Inc. | (main, Oct  2 2023, 17:29:18) [GCC 11.2.0]', encoding_fs_io=utf-8-utf-8) [virtualenv/discovery/builtin.py:83]
py312-wheel-windows: 65608 D accepted PythonInfo(spec=CPython3.12.0.final.0-64, exe=/home/felipe/miniconda3/envs/sheap/bin/python, platform=linux, version='3.12.0 | packaged by Anaconda, Inc. | (main, Oct  2 2023, 17:29:18) [GCC 11.2.0]', encoding_fs_io=utf-8-utf-8) [virtualenv/discovery/builtin.py:85]
py312-wheel-windows: 65609 W commands[0]> pip wheel --wheel-dir /home/felipe/work/MyPackages/sheap/.tox/dist /home/felipe/work/MyPackages/sheap [tox/tox_env/api.py:434]
Processing /home/felipe/work/MyPackages/sheap
  Installing build dependencies: started
  Installing build dependencies: finished with status 'done'
  Getting requirements to build wheel: started
  Getting requirements to build wheel: finished with status 'done'
  Preparing metadata (pyproject.toml): started
  Preparing metadata (pyproject.toml): finished with status 'done'
Collecting astropy>=7.0 (from sheap==0.1.0)
  File was already downloaded /home/felipe/work/MyPackages/sheap/.tox/dist/astropy-7.0.2-cp312-cp312-manylinux_2_17_x86_64.manylinux2014_x86_64.whl
Collecting auto_uncertainties (from sheap==0.1.0)
  File was already downloaded /home/felipe/work/MyPackages/sheap/.tox/dist/auto_uncertainties-0.6.3-py3-none-any.whl
Collecting matplotlib>=3.9.3 (from sheap==0.1.0)
  File was already downloaded /home/felipe/work/MyPackages/sheap/.tox/dist/matplotlib-3.10.3-cp312-cp312-manylinux_2_17_x86_64.manylinux2014_x86_64.whl
Collecting numpy>=2.2.4 (from sheap==0.1.0)
  File was already downloaded /home/felipe/work/MyPackages/sheap/.tox/dist/numpy-2.2.6-cp312-cp312-manylinux_2_17_x86_64.manylinux2014_x86_64.whl
Collecting optax>0.2.3 (from sheap==0.1.0)
  File was already downloaded /home/felipe/work/MyPackages/sheap/.tox/dist/optax-0.2.4-py3-none-any.whl
Collecting pandas (from sheap==0.1.0)
  File was already downloaded /home/felipe/work/MyPackages/sheap/.tox/dist/pandas-2.2.3-cp312-cp312-manylinux_2_17_x86_64.manylinux2014_x86_64.whl
Collecting sfdmap2 (from sheap==0.1.0)
  File was already downloaded /home/felipe/work/MyPackages/sheap/.tox/dist/sfdmap2-0.2.2.post3-py3-none-any.whl
Collecting pyerfa>=2.0.1.1 (from astropy>=7.0->sheap==0.1.0)
  File was already downloaded /home/felipe/work/MyPackages/sheap/.tox/dist/pyerfa-2.0.1.5-cp39-abi3-manylinux_2_17_x86_64.manylinux2014_x86_64.whl
Collecting astropy-iers-data>=0.2025.4.28.0.37.27 (from astropy>=7.0->sheap==0.1.0)
  File was already downloaded /home/felipe/work/MyPackages/sheap/.tox/dist/astropy_iers_data-0.2025.5.12.0.38.29-py3-none-any.whl
Collecting PyYAML>=6.0.0 (from astropy>=7.0->sheap==0.1.0)
  File was already downloaded /home/felipe/work/MyPackages/sheap/.tox/dist/PyYAML-6.0.2-cp312-cp312-manylinux_2_17_x86_64.manylinux2014_x86_64.whl
Collecting packaging>=22.0.0 (from astropy>=7.0->sheap==0.1.0)
  File was already downloaded /home/felipe/work/MyPackages/sheap/.tox/dist/packaging-25.0-py3-none-any.whl
Collecting contourpy>=1.0.1 (from matplotlib>=3.9.3->sheap==0.1.0)
  File was already downloaded /home/felipe/work/MyPackages/sheap/.tox/dist/contourpy-1.3.2-cp312-cp312-manylinux_2_17_x86_64.manylinux2014_x86_64.whl
Collecting cycler>=0.10 (from matplotlib>=3.9.3->sheap==0.1.0)
  File was already downloaded /home/felipe/work/MyPackages/sheap/.tox/dist/cycler-0.12.1-py3-none-any.whl
Collecting fonttools>=4.22.0 (from matplotlib>=3.9.3->sheap==0.1.0)
  File was already downloaded /home/felipe/work/MyPackages/sheap/.tox/dist/fonttools-4.58.0-cp312-cp312-manylinux_2_5_x86_64.manylinux1_x86_64.manylinux_2_17_x86_64.manylinux2014_x86_64.whl
Collecting kiwisolver>=1.3.1 (from matplotlib>=3.9.3->sheap==0.1.0)
  File was already downloaded /home/felipe/work/MyPackages/sheap/.tox/dist/kiwisolver-1.4.8-cp312-cp312-manylinux_2_17_x86_64.manylinux2014_x86_64.whl
Collecting pillow>=8 (from matplotlib>=3.9.3->sheap==0.1.0)
  File was already downloaded /home/felipe/work/MyPackages/sheap/.tox/dist/pillow-11.2.1-cp312-cp312-manylinux_2_28_x86_64.whl
Collecting pyparsing>=2.3.1 (from matplotlib>=3.9.3->sheap==0.1.0)
  File was already downloaded /home/felipe/work/MyPackages/sheap/.tox/dist/pyparsing-3.2.3-py3-none-any.whl
Collecting python-dateutil>=2.7 (from matplotlib>=3.9.3->sheap==0.1.0)
  File was already downloaded /home/felipe/work/MyPackages/sheap/.tox/dist/python_dateutil-2.9.0.post0-py2.py3-none-any.whl
Collecting absl-py>=0.7.1 (from optax>0.2.3->sheap==0.1.0)
  File was already downloaded /home/felipe/work/MyPackages/sheap/.tox/dist/absl_py-2.2.2-py3-none-any.whl
Collecting chex>=0.1.87 (from optax>0.2.3->sheap==0.1.0)
  File was already downloaded /home/felipe/work/MyPackages/sheap/.tox/dist/chex-0.1.89-py3-none-any.whl
Collecting jax>=0.4.27 (from optax>0.2.3->sheap==0.1.0)
  File was already downloaded /home/felipe/work/MyPackages/sheap/.tox/dist/jax-0.6.0-py3-none-any.whl
Collecting jaxlib>=0.4.27 (from optax>0.2.3->sheap==0.1.0)
  File was already downloaded /home/felipe/work/MyPackages/sheap/.tox/dist/jaxlib-0.6.0-cp312-cp312-manylinux2014_x86_64.whl
Collecting etils[epy] (from optax>0.2.3->sheap==0.1.0)
  File was already downloaded /home/felipe/work/MyPackages/sheap/.tox/dist/etils-1.12.2-py3-none-any.whl
Collecting joblib>=1.2.0 (from auto_uncertainties->sheap==0.1.0)
  File was already downloaded /home/felipe/work/MyPackages/sheap/.tox/dist/joblib-1.5.0-py3-none-any.whl
Collecting loguru>=0.6.0 (from auto_uncertainties->sheap==0.1.0)
  File was already downloaded /home/felipe/work/MyPackages/sheap/.tox/dist/loguru-0.7.3-py3-none-any.whl
Collecting lazy_loader==0.4 (from auto_uncertainties->sheap==0.1.0)
  File was already downloaded /home/felipe/work/MyPackages/sheap/.tox/dist/lazy_loader-0.4-py3-none-any.whl
Collecting pytz>=2020.1 (from pandas->sheap==0.1.0)
  File was already downloaded /home/felipe/work/MyPackages/sheap/.tox/dist/pytz-2025.2-py2.py3-none-any.whl
Collecting tzdata>=2022.7 (from pandas->sheap==0.1.0)
  File was already downloaded /home/felipe/work/MyPackages/sheap/.tox/dist/tzdata-2025.2-py2.py3-none-any.whl
Collecting typing_extensions>=4.2.0 (from chex>=0.1.87->optax>0.2.3->sheap==0.1.0)
  File was already downloaded /home/felipe/work/MyPackages/sheap/.tox/dist/typing_extensions-4.13.2-py3-none-any.whl
Collecting setuptools (from chex>=0.1.87->optax>0.2.3->sheap==0.1.0)
  File was already downloaded /home/felipe/work/MyPackages/sheap/.tox/dist/setuptools-80.7.1-py3-none-any.whl
Collecting toolz>=0.9.0 (from chex>=0.1.87->optax>0.2.3->sheap==0.1.0)
  File was already downloaded /home/felipe/work/MyPackages/sheap/.tox/dist/toolz-1.0.0-py3-none-any.whl
Collecting ml_dtypes>=0.5.0 (from jax>=0.4.27->optax>0.2.3->sheap==0.1.0)
  File was already downloaded /home/felipe/work/MyPackages/sheap/.tox/dist/ml_dtypes-0.5.1-cp312-cp312-manylinux_2_17_x86_64.manylinux2014_x86_64.whl
Collecting opt_einsum (from jax>=0.4.27->optax>0.2.3->sheap==0.1.0)
  File was already downloaded /home/felipe/work/MyPackages/sheap/.tox/dist/opt_einsum-3.4.0-py3-none-any.whl
Collecting scipy>=1.11.1 (from jax>=0.4.27->optax>0.2.3->sheap==0.1.0)
  File was already downloaded /home/felipe/work/MyPackages/sheap/.tox/dist/scipy-1.15.3-cp312-cp312-manylinux_2_17_x86_64.manylinux2014_x86_64.whl
Collecting six>=1.5 (from python-dateutil>=2.7->matplotlib>=3.9.3->sheap==0.1.0)
  File was already downloaded /home/felipe/work/MyPackages/sheap/.tox/dist/six-1.17.0-py2.py3-none-any.whl
Building wheels for collected packages: sheap
  Building wheel for sheap (pyproject.toml): started
  Building wheel for sheap (pyproject.toml): finished with status 'done'
  Created wheel for sheap: filename=sheap-0.1.0-py3-none-any.whl size=99771834 sha256=27ae87fc657b14c46b1323b7cf3b5172552034f4327a340fbe381fa73a0092b0
  Stored in directory: /tmp/pip-ephem-wheel-cache-o3nssy4r/wheels/3f/f6/84/a72a930b8a7e7273c88d778c0c98c95b5236f7dd6622a5c277
Successfully built sheap
py312-wheel-windows: 74127 I exit 0 (8.52 seconds) /home/felipe/work/MyPackages/sheap> pip wheel --wheel-dir /home/felipe/work/MyPackages/sheap/.tox/dist /home/felipe/work/MyPackages/sheap pid=36352 [tox/execute/api.py:294]
py312-wheel-windows: OK ✔ in 8.52 seconds
coverage: 74130 I find interpreter for spec PythonSpec(path=/home/felipe/miniconda3/envs/sheap/bin/python) [virtualenv/discovery/builtin.py:76]
coverage: 74130 I proposed PythonInfo(spec=CPython3.12.0.final.0-64, exe=/home/felipe/miniconda3/envs/sheap/bin/python, platform=linux, version='3.12.0 | packaged by Anaconda, Inc. | (main, Oct  2 2023, 17:29:18) [GCC 11.2.0]', encoding_fs_io=utf-8-utf-8) [virtualenv/discovery/builtin.py:83]
coverage: 74130 D accepted PythonInfo(spec=CPython3.12.0.final.0-64, exe=/home/felipe/miniconda3/envs/sheap/bin/python, platform=linux, version='3.12.0 | packaged by Anaconda, Inc. | (main, Oct  2 2023, 17:29:18) [GCC 11.2.0]', encoding_fs_io=utf-8-utf-8) [virtualenv/discovery/builtin.py:85]
coverage: 74133 W commands[0]> coverage combine [tox/tox_env/api.py:434]
Combined data file .tox/.coverage.py312-edit-linux
Skipping duplicate data .tox/.coverage.py312-edit-macos
Skipping duplicate data .tox/.coverage.py312-edit-windows
Combined data file .tox/.coverage.py312-sdist-linux
Combined data file .tox/.coverage.py312-sdist-macos
Skipping duplicate data .tox/.coverage.py312-sdist-windows
coverage: 74223 I exit 0 (0.09 seconds) /home/felipe/work/MyPackages/sheap> coverage combine pid=36454 [tox/execute/api.py:294]
coverage: 74223 W commands[1]> coverage report --skip-covered --show-missing -i [tox/tox_env/api.py:434]
Name                                           Stmts   Miss  Cover   Missing
----------------------------------------------------------------------------
sheap/DataClass/DataClass.py                      50     50  0.00%   1-88
sheap/DataClass/utils.py                           3      3  0.00%   1-5
sheap/FunctionsMinimize/MasterMinimizer.py        64     64  0.00%   1-224
sheap/FunctionsMinimize/__init__.py                1      1  0.00%   1
sheap/FunctionsMinimize/functions.py             195    195  0.00%   1-480
sheap/FunctionsMinimize/mmm.py                    79     79  0.00%   1-261
sheap/FunctionsMinimize/template_fe_func.py       62     62  0.00%   1-156
sheap/FunctionsMinimize/utils.py                 150    150  0.00%   1-303
sheap/HostSubtraction/HostSubtraction.py         107    107  0.00%   1-216
sheap/HostSubtraction/__init__.py                  1      1  0.00%   1
sheap/HostSubtraction/utils.py                    25     25  0.00%   1-69
sheap/MainSheap.py                               170    170  0.00%   1-390
sheap/Posterior/ParameterEstimation.py            94     94  0.00%   1-222
sheap/Posterior/utils.py                          49     49  0.00%   1-91
sheap/RegionFitting/RegionFitting.py             216    216  0.00%   1-624
sheap/RegionFitting/uncertainty_functions.py      34     34  0.00%   1-99
sheap/RegionFitting/utils.py                      39     39  0.00%   1-121
sheap/RegionHandler/RegionBuilder.py             171    171  0.00%   4-427
sheap/RegionHandler/utils.py                      96     96  0.00%   1-215
sheap/SuportData/__init__.py                       1      1  0.00%   1
sheap/SuportFunctions/functions.py               135    135  0.00%   1-330
sheap/Tools/__init__.py                            1      1  0.00%   1
sheap/Tools/interp_tools.py                       93     93  0.00%   1-168
sheap/Tools/others.py                             37     37  0.00%   1-117
sheap/Tools/paths_func.py                         19     19  0.00%   1-48
sheap/Tools/unred.py                              47     47  0.00%   5-82
sheap/Tools/vocalisations.py                       6      6  0.00%   1-7
sheap/_logging.py                                  8      8  0.00%   29-56
sheap/cli.py                                      20      4 80.00%   42-44, 48
sheap/spectra_readers.py                          43     43  0.00%   1-97
sheap/utils.py                                    38     38  0.00%   1-123
----------------------------------------------------------------------------
TOTAL                                           2079   2038  1.97%

16 files skipped due to complete coverage.
coverage: 74432 I exit 0 (0.21 seconds) /home/felipe/work/MyPackages/sheap> coverage report --skip-covered --show-missing -i pid=36460 [tox/execute/api.py:294]
coverage: 74432 W commands[2]> coverage xml -o /home/felipe/work/MyPackages/sheap/.tox/coverage.xml -i [tox/tox_env/api.py:434]
Wrote XML report to /home/felipe/work/MyPackages/sheap/.tox/coverage.xml
coverage: 74675 I exit 0 (0.24 seconds) /home/felipe/work/MyPackages/sheap> coverage xml -o /home/felipe/work/MyPackages/sheap/.tox/coverage.xml -i pid=36468 [tox/execute/api.py:294]
coverage: 74676 W commands[3]> coverage html -d /home/felipe/work/MyPackages/sheap/.tox/htmlcov -i [tox/tox_env/api.py:434]
Wrote HTML report to /home/felipe/work/MyPackages/sheap/.tox/htmlcov/index.html
coverage: 74946 I exit 0 (0.27 seconds) /home/felipe/work/MyPackages/sheap> coverage html -d /home/felipe/work/MyPackages/sheap/.tox/htmlcov -i pid=36474 [tox/execute/api.py:294]
  py312-edit-linux: OK (2.73=setup[0.61]+cmd[2.12] seconds)
  py312-edit-macos: OK (2.50=setup[0.44]+cmd[2.05] seconds)
  py312-edit-windows: OK (2.50=setup[0.43]+cmd[2.07] seconds)
  py312-sdist-linux: OK (16.97=setup[14.70]+cmd[2.26] seconds)
  py312-sdist-macos: OK (12.53=setup[9.64]+cmd[2.89] seconds)
  py312-sdist-windows: OK (11.52=setup[9.03]+cmd[2.49] seconds)
  py312-wheel-linux: OK (8.77=setup[0.01]+cmd[8.76] seconds)
  py312-wheel-macos: OK (8.57=setup[0.01]+cmd[8.56] seconds)
  py312-wheel-windows: OK (8.52=setup[0.01]+cmd[8.52] seconds)
  coverage: OK (0.82=setup[0.01]+cmd[0.09,0.21,0.24,0.27] seconds)
  congratulations :) (75.97 seconds)
